core_cm3.h:1323:22:NVIC_EnableIRQ	16	static
core_cm3.h:1375:22:NVIC_ClearPendingIRQ	16	static
gpio_17xx_40xx.h:119:20:Chip_GPIO_GetPinState	16	static
gpio_17xx_40xx.h:132:20:Chip_GPIO_ReadPortBit	24	static
gpio_17xx_40xx.h:156:20:Chip_GPIO_SetPinDIRInput	16	static
gpioint_17xx_40xx.h:106:20:Chip_GPIOINT_SetIntFalling	24	static
gpioint_17xx_40xx.h:200:20:Chip_GPIOINT_ClearIntStatus	24	static
pinint.c:106:6:Board_ZButtons_Test	24	static
pinint.c:122:6:EINT3_IRQHandler	16	static
pinint.c:146:5:main	8	static
