Archive member included to satisfy reference by file (symbol)

/home/zain/Documents/MCUXpresso_11.1.1_3241/workspace/lpc_board_nxp_lpcxpresso_1769/Debug/liblpc_board_nxp_lpcxpresso_1769.a(board.o)
                              ./freertos/src/FreeRTOSCommonHooks.o (Board_UARTPutSTR)
/home/zain/Documents/MCUXpresso_11.1.1_3241/workspace/lpc_board_nxp_lpcxpresso_1769/Debug/liblpc_board_nxp_lpcxpresso_1769.a(board_sysinit.o)
                              ./example/src/sysinit.o (Board_SystemInit)
/home/zain/Documents/MCUXpresso_11.1.1_3241/workspace/lpc_chip_175x_6x/Debug/liblpc_chip_175x_6x.a(chip_17xx_40xx.o)
                              ./freertos/src/port.o (SystemCoreClock)
/home/zain/Documents/MCUXpresso_11.1.1_3241/workspace/lpc_chip_175x_6x/Debug/liblpc_chip_175x_6x.a(clock_17xx_40xx.o)
                              /home/zain/Documents/MCUXpresso_11.1.1_3241/workspace/lpc_chip_175x_6x/Debug/liblpc_chip_175x_6x.a(chip_17xx_40xx.o) (Chip_Clock_EnablePLL)
/home/zain/Documents/MCUXpresso_11.1.1_3241/workspace/lpc_chip_175x_6x/Debug/liblpc_chip_175x_6x.a(i2s_17xx_40xx.o)
                              /home/zain/Documents/MCUXpresso_11.1.1_3241/workspace/lpc_board_nxp_lpcxpresso_1769/Debug/liblpc_board_nxp_lpcxpresso_1769.a(board.o) (Chip_I2S_Init)
/home/zain/Documents/MCUXpresso_11.1.1_3241/workspace/lpc_chip_175x_6x/Debug/liblpc_chip_175x_6x.a(iocon_17xx_40xx.o)
                              /home/zain/Documents/MCUXpresso_11.1.1_3241/workspace/lpc_board_nxp_lpcxpresso_1769/Debug/liblpc_board_nxp_lpcxpresso_1769.a(board.o) (Chip_IOCON_PinMux)
/home/zain/Documents/MCUXpresso_11.1.1_3241/workspace/lpc_chip_175x_6x/Debug/liblpc_chip_175x_6x.a(sysinit_17xx_40xx.o)
                              /home/zain/Documents/MCUXpresso_11.1.1_3241/workspace/lpc_board_nxp_lpcxpresso_1769/Debug/liblpc_board_nxp_lpcxpresso_1769.a(board_sysinit.o) (Chip_SetupXtalClocking)
/home/zain/Documents/MCUXpresso_11.1.1_3241/workspace/lpc_chip_175x_6x/Debug/liblpc_chip_175x_6x.a(uart_17xx_40xx.o)
                              /home/zain/Documents/MCUXpresso_11.1.1_3241/workspace/lpc_board_nxp_lpcxpresso_1769/Debug/liblpc_board_nxp_lpcxpresso_1769.a(board.o) (Chip_UART_Init)
/home/zain/Documents/MCUXpresso_11.1.1_3241/workspace/lpc_chip_175x_6x/Debug/liblpc_chip_175x_6x.a(ring_buffer.o)
                              /home/zain/Documents/MCUXpresso_11.1.1_3241/workspace/lpc_chip_175x_6x/Debug/liblpc_chip_175x_6x.a(uart_17xx_40xx.o) (RingBuffer_Insert)
/usr/local/mcuxpressoide-11.1.1_3241/ide/plugins/com.nxp.mcuxpresso.tools.linux_11.1.0.202001081728/tools/bin/../lib/gcc/arm-none-eabi/8.3.1/../../../../arm-none-eabi/lib/thumb/v7-m/nofp/libcr_nohost.a(_cr__main.o)
                              ./example/src/cr_startup_lpc175x_6x.o (__main)
/usr/local/mcuxpressoide-11.1.1_3241/ide/plugins/com.nxp.mcuxpresso.tools.linux_11.1.0.202001081728/tools/bin/../lib/gcc/arm-none-eabi/8.3.1/../../../../arm-none-eabi/lib/thumb/v7-m/nofp/libcr_c.a(memcpy.o)
                              ./freertos/src/queue.o (memcpy)
/usr/local/mcuxpressoide-11.1.1_3241/ide/plugins/com.nxp.mcuxpresso.tools.linux_11.1.0.202001081728/tools/bin/../lib/gcc/arm-none-eabi/8.3.1/../../../../arm-none-eabi/lib/thumb/v7-m/nofp/libcr_c.a(memset.o)
                              ./freertos/src/tasks.o (memset)
/usr/local/mcuxpressoide-11.1.1_3241/ide/plugins/com.nxp.mcuxpresso.tools.linux_11.1.0.202001081728/tools/bin/../lib/gcc/arm-none-eabi/8.3.1/../../../../arm-none-eabi/lib/thumb/v7-m/nofp/libcr_c.a(alloc.o)
                              ./freertos/src/heap_3.o (malloc)
/usr/local/mcuxpressoide-11.1.1_3241/ide/plugins/com.nxp.mcuxpresso.tools.linux_11.1.0.202001081728/tools/bin/../lib/gcc/arm-none-eabi/8.3.1/../../../../arm-none-eabi/lib/thumb/v7-m/nofp/libcr_c.a(fpprintf.o)
                              ./freertos/src/FreeRTOSCommonHooks.o (printf)
/usr/local/mcuxpressoide-11.1.1_3241/ide/plugins/com.nxp.mcuxpresso.tools.linux_11.1.0.202001081728/tools/bin/../lib/gcc/arm-none-eabi/8.3.1/../../../../arm-none-eabi/lib/thumb/v7-m/nofp/libcr_c.a(initio.o)
                              /usr/local/mcuxpressoide-11.1.1_3241/ide/plugins/com.nxp.mcuxpresso.tools.linux_11.1.0.202001081728/tools/bin/../lib/gcc/arm-none-eabi/8.3.1/../../../../arm-none-eabi/lib/thumb/v7-m/nofp/libcr_nohost.a(_cr__main.o) (_initio)
/usr/local/mcuxpressoide-11.1.1_3241/ide/plugins/com.nxp.mcuxpresso.tools.linux_11.1.0.202001081728/tools/bin/../lib/gcc/arm-none-eabi/8.3.1/../../../../arm-none-eabi/lib/thumb/v7-m/nofp/libcr_c.a(printf.o)
                              /usr/local/mcuxpressoide-11.1.1_3241/ide/plugins/com.nxp.mcuxpresso.tools.linux_11.1.0.202001081728/tools/bin/../lib/gcc/arm-none-eabi/8.3.1/../../../../arm-none-eabi/lib/thumb/v7-m/nofp/libcr_c.a(fpprintf.o) (__vfprintf)
/usr/local/mcuxpressoide-11.1.1_3241/ide/plugins/com.nxp.mcuxpresso.tools.linux_11.1.0.202001081728/tools/bin/../lib/gcc/arm-none-eabi/8.3.1/../../../../arm-none-eabi/lib/thumb/v7-m/nofp/libcr_c.a(setvbuf.o)
[...]
Memory Configuration

Name             Origin             Length             Attributes
MFlash512        0x0000000000000000 0x0000000000080000 xr
RamLoc32         0x0000000010000000 0x0000000000008000 xrw
RamAHB32         0x000000002007c000 0x0000000000008000 xrw
*default*        0x0000000000000000 0xffffffffffffffff

Linker script and memory map

LOAD ./freertos/src/FreeRTOSCommonHooks.o
LOAD ./freertos/src/heap_3.o
LOAD ./freertos/src/list.o
LOAD ./freertos/src/port.o
LOAD ./freertos/src/queue.o
LOAD ./freertos/src/tasks.o
LOAD ./example/src/cr_startup_lpc175x_6x.o
LOAD ./example/src/freertos_blinky.o
LOAD ./example/src/sysinit.o
LOAD /home/zain/Documents/MCUXpresso_11.1.1_3241/workspace/lpc_board_nxp_lpcxpresso_1769/Debug/liblpc_board_nxp_lpcxpresso_1769.a
LOAD /home/zain/Documents/MCUXpresso_11.1.1_3241/workspace/lpc_chip_175x_6x/Debug/liblpc_chip_175x_6x.a
START GROUP
LOAD /usr/local/mcuxpressoide-11.1.1_3241/ide/plugins/com.nxp.mcuxpresso.tools.linux_11.1.0.202001081728/tools/bin/../lib/gcc/arm-none-eabi/8.3.1/../../../../arm-none-eabi/lib/thumb/v7-m/nofp/libcr_nohost.a
LOAD /usr/local/mcuxpressoide-11.1.1_3241/ide/plugins/com.nxp.mcuxpresso.tools.linux_11.1.0.202001081728/tools/bin/../lib/gcc/arm-none-eabi/8.3.1/../../../../arm-none-eabi/lib/thumb/v7-m/nofp/libcr_c.a
LOAD /usr/local/mcuxpressoide-11.1.1_3241/ide/plugins/com.nxp.mcuxpresso.tools.linux_11.1.0.202001081728/tools/bin/../lib/gcc/arm-none-eabi/8.3.1/thumb/v7-m/nofp/libcr_eabihelpers.a
LOAD /usr/local/mcuxpressoide-11.1.1_3241/ide/plugins/com.nxp.mcuxpresso.tools.linux_11.1.0.202001081728/tools/bin/../lib/gcc/arm-none-eabi/8.3.1/thumb/v7-m/nofp/libgcc.a
END GROUP
                0x0000000000000000                __base_MFlash512 = 0x0
                0x0000000000000000                __base_Flash = 0x0
                0x0000000000080000                __top_MFlash512 = 0x80000
                0x0000000000080000                __top_Flash = 0x80000
                0x0000000010000000                __base_RamLoc32 = 0x10000000
                0x0000000010000000                __base_RAM = 0x10000000
                0x0000000010008000                __top_RamLoc32 = 0x10008000
                0x0000000010008000                __top_RAM = 0x10008000
                0x000000002007c000                __base_RamAHB32 = 0x2007c000
                0x000000002007c000                __base_RAM2 = 0x2007c000
                0x0000000020084000                __top_RamAHB32 = 0x20084000
                0x0000000020084000                __top_RAM2 = 0x20084000

.text           0x0000000000000000     0x44c4
 FILL mask 0xff
                0x0000000000000000                __vectors_start__ = ABSOLUTE (.)
 *(.isr_vector)
 .isr_vector    0x0000000000000000       0xcc ./example/src/cr_startup_lpc175x_6x.o
                0x0000000000000000                g_pfnVectors
                0x00000000000000cc                . = ALIGN (0x4)
                0x00000000000000cc                __section_table_start = .
                0x00000000000000cc                __data_section_table = .
                0x00000000000000cc        0x4 LONG 0x44c4 LOADADDR (.data)
                0x00000000000000d0        0x4 LONG 0x10000000 ADDR (.data)
                0x00000000000000d4        0x4 LONG 0x8 SIZEOF (.data)
                0x00000000000000d8        0x4 LONG 0x44c4 LOADADDR (.data_RAM2)
                0x00000000000000dc        0x4 LONG 0x2007c000 ADDR (.data_RAM2)
                0x00000000000000e0        0x4 LONG 0x0 SIZEOF (.data_RAM2)
                0x00000000000000e4                __data_section_table_end = .
                0x00000000000000e4                __bss_section_table = .
                0x00000000000000e4        0x4 LONG 0x10000008 ADDR (.bss)
                0x00000000000000e8        0x4 LONG 0x334 SIZEOF (.bss)
                0x00000000000000ec        0x4 LONG 0x2007c000 ADDR (.bss_RAM2)
                0x00000000000000f0        0x4 LONG 0x0 SIZEOF (.bss_RAM2)
                0x00000000000000f4                __bss_section_table_end = .
                0x00000000000000f4                __section_table_end = .
 *(.after_vectors*)
 .after_vectors
                0x00000000000000f4      0x12c ./example/src/cr_startup_lpc175x_6x.o
                0x00000000000000f4                data_init
                0x0000000000000136                bss_init
                0x000000000000016c                ResetISR
                0x00000000000001e4                NMI_Handler
                0x00000000000001ea                HardFault_Handler
                0x00000000000001f0                MemManage_Handler
                0x00000000000001f6                BusFault_Handler
                0x00000000000001fc                UsageFault_Handler
                0x0000000000000208                DebugMon_Handler
                0x000000000000021a                TIMER2_IRQHandler
                0x000000000000021a                RIT_IRQHandler
                0x000000000000021a                I2C0_IRQHandler
                0x000000000000021a                USBActivity_IRQHandler
                0x000000000000021a                PWM1_IRQHandler
                0x000000000000021a                I2C1_IRQHandler
                0x000000000000021a                EINT2_IRQHandler
                0x000000000000021a                UART1_IRQHandler
                0x000000000000021a                EINT3_IRQHandler
                0x000000000000021a                CANActivity_IRQHandler
                0x000000000000021a                TIMER3_IRQHandler
                0x000000000000021a                UART0_IRQHandler
                0x000000000000021a                IntDefaultHandler
                0x000000000000021a                PLL0_IRQHandler
                0x000000000000021a                CAN_IRQHandler
                0x000000000000021a                PLL1_IRQHandler
                0x000000000000021a                SSP0_IRQHandler
                0x000000000000021a                I2S_IRQHandler
                0x000000000000021a                I2C2_IRQHandler
                0x000000000000021a                RTC_IRQHandler
                0x000000000000021a                TIMER0_IRQHandler
                0x000000000000021a                SPI_IRQHandler
                0x000000000000021a                EINT1_IRQHandler
                0x000000000000021a                TIMER1_IRQHandler
                0x000000000000021a                UART2_IRQHandler
                0x000000000000021a                ADC_IRQHandler
                0x000000000000021a                SSP1_IRQHandler
                0x000000000000021a                USB_IRQHandler
                0x000000000000021a                BOD_IRQHandler
                0x000000000000021a                WDT_IRQHandler
                0x000000000000021a                QEI_IRQHandler
                0x000000000000021a                EINT0_IRQHandler
                0x000000000000021a                ETH_IRQHandler
                0x000000000000021a                DMA_IRQHandler
                0x000000000000021a                UART3_IRQHandler
                0x000000000000021a                MCPWM_IRQHandler
 *(.text*)
 .text.vApplicationIdleHook
                0x0000000000000220        0xe ./freertos/src/FreeRTOSCommonHooks.o
                0x0000000000000220                vApplicationIdleHook
 .text.pvPortMalloc
                0x000000000000022e       0x22 ./freertos/src/heap_3.o
                0x000000000000022e                pvPortMalloc
 .text.vPortFree
                0x0000000000000250       0x24 ./freertos/src/heap_3.o
                0x0000000000000250                vPortFree
 .text.vListInitialise
                0x0000000000000274       0x3e ./freertos/src/list.o
                0x0000000000000274                vListInitialise
 .text.vListInitialiseItem
                0x00000000000002b2       0x18 ./freertos/src/list.o
                0x00000000000002b2                vListInitialiseItem
 .text.vListInsertEnd
                0x00000000000002ca       0x46 ./freertos/src/list.o
                0x00000000000002ca                vListInsertEnd
 .text.vListInsert
                0x0000000000000310       0x70 ./freertos/src/list.o
                0x0000000000000310                vListInsert
 .text.uxListRemove
                0x0000000000000380       0x52 ./freertos/src/list.o
                0x0000000000000380                uxListRemove
 *fill*         0x00000000000003d2        0x2 ff
 .text.pxPortInitialiseStack
                0x00000000000003d4       0x54 ./freertos/src/port.o
                0x00000000000003d4                pxPortInitialiseStack
 .text.prvTaskExitError
                0x0000000000000428        0xa ./freertos/src/port.o
 *fill*         0x0000000000000432        0x2 ff
 .text.SVC_Handler
                0x0000000000000434       0x24 ./freertos/src/port.o
                0x0000000000000434                SVC_Handler
 .text.prvPortStartFirstTask
                0x0000000000000458       0x18 ./freertos/src/port.o
 .text.xPortStartScheduler
                0x0000000000000470       0x38 ./freertos/src/port.o
                0x0000000000000470                xPortStartScheduler
 .text.vPortYield
                0x00000000000004a8       0x20 ./freertos/src/port.o
                0x00000000000004a8                vPortYield
 .text.vPortEnterCritical
                0x00000000000004c8       0x24 ./freertos/src/port.o
                0x00000000000004c8                vPortEnterCritical
 .text.vPortExitCritical
                0x00000000000004ec       0x24 ./freertos/src/port.o
                0x00000000000004ec                vPortExitCritical
 .text.ulPortSetInterruptMask
                0x0000000000000510       0x12 ./freertos/src/port.o
                0x0000000000000510                ulPortSetInterruptMask
 .text.vPortClearInterruptMask
                0x0000000000000522        0x8 ./freertos/src/port.o
                0x0000000000000522                vPortClearInterruptMask
 *fill*         0x000000000000052a        0x2 ff
 .text.PendSV_Handler
                0x000000000000052c       0x40 ./freertos/src/port.o
                0x000000000000052c                PendSV_Handler
 .text.SysTick_Handler
                0x000000000000056c       0x28 ./freertos/src/port.o
                0x000000000000056c                SysTick_Handler
 .text.vPortSuppressTicksAndSleep
                0x0000000000000594      0x15c ./freertos/src/port.o
                0x0000000000000594                vPortSuppressTicksAndSleep
 .text.vPortSetupTimerInterrupt
                0x00000000000006f0       0x68 ./freertos/src/port.o
                0x00000000000006f0                vPortSetupTimerInterrupt
 .text.xTaskGenericCreate
                0x0000000000000758      0x140 ./freertos/src/tasks.o
                0x0000000000000758                xTaskGenericCreate
 .text.vTaskDelay
                0x0000000000000898       0x54 ./freertos/src/tasks.o
                0x0000000000000898                vTaskDelay
 .text.vTaskStartScheduler
                0x00000000000008ec       0x58 ./freertos/src/tasks.o
                0x00000000000008ec                vTaskStartScheduler
 .text.vTaskSuspendAll
                0x0000000000000944       0x1c ./freertos/src/tasks.o
                0x0000000000000944                vTaskSuspendAll
 .text.prvGetExpectedIdleTime
                0x0000000000000960       0x4c ./freertos/src/tasks.o
 .text.xTaskResumeAll
                0x00000000000009ac       0xfc ./freertos/src/tasks.o
                0x00000000000009ac                xTaskResumeAll
 .text.vTaskStepTick
                0x0000000000000aa8       0x24 ./freertos/src/tasks.o
                0x0000000000000aa8                vTaskStepTick
 .text.xTaskIncrementTick
                0x0000000000000acc      0x18c ./freertos/src/tasks.o
                0x0000000000000acc                xTaskIncrementTick
 .text.vTaskSwitchContext
                0x0000000000000c58       0x98 ./freertos/src/tasks.o
                0x0000000000000c58                vTaskSwitchContext
 .text.prvIdleTask
                0x0000000000000cf0       0x48 ./freertos/src/tasks.o
 .text.eTaskConfirmSleepModeStatus
                0x0000000000000d38       0x5c ./freertos/src/tasks.o
                0x0000000000000d38                eTaskConfirmSleepModeStatus
 .text.prvInitialiseTCBVariables
                0x0000000000000d94       0x98 ./freertos/src/tasks.o
 .text.prvInitialiseTaskLists
                0x0000000000000e2c       0x80 ./freertos/src/tasks.o
 .text.prvCheckTasksWaitingTermination
                0x0000000000000eac       0x78 ./freertos/src/tasks.o
 .text.prvAddCurrentTaskToDelayedList
                0x0000000000000f24       0x6c ./freertos/src/tasks.o
 .text.prvAllocateTCBAndStack
                0x0000000000000f90       0x62 ./freertos/src/tasks.o
 .text.prvDeleteTCB
                0x0000000000000ff2       0x20 ./freertos/src/tasks.o
 .text.prvSetupHardware
                0x0000000000001012       0x18 ./example/src/freertos_blinky.o
 .text.vLEDTask1
                0x000000000000102a       0x26 ./example/src/freertos_blinky.o
 .text.vLEDTask2
                0x0000000000001050       0x26 ./example/src/freertos_blinky.o
 *fill*         0x0000000000001076        0x2 ff
 .text.vUARTTask
                0x0000000000001078       0x28 ./example/src/freertos_blinky.o
 .text.main     0x00000000000010a0       0x84 ./example/src/freertos_blinky.o
                0x00000000000010a0                main
 .text.SystemInit
                0x0000000000001124       0x24 ./example/src/sysinit.o
                0x0000000000001124                SystemInit
 .text.Chip_IOCON_Init
                0x0000000000001148       0x16 /home/zain/Documents/MCUXpresso_11.1.1_3241/workspace/lpc_board_nxp_lpcxpresso_1769/Debug/liblpc_board_nxp_lpcxpresso_1769.a(board.o)
 .text.Chip_GPIO_Init
                0x000000000000115e       0x16 /home/zain/Documents/MCUXpresso_11.1.1_3241/workspace/lpc_board_nxp_lpcxpresso_1769/Debug/liblpc_board_nxp_lpcxpresso_1769.a(board.o)
 .text.Chip_GPIO_SetPinState
                0x0000000000001174       0x64 /home/zain/Documents/MCUXpresso_11.1.1_3241/workspace/lpc_board_nxp_lpcxpresso_1769/Debug/liblpc_board_nxp_lpcxpresso_1769.a(board.o)
 .text.Chip_GPIO_WritePortBit
                0x00000000000011d8       0x2c /home/zain/Documents/MCUXpresso_11.1.1_3241/workspace/lpc_board_nxp_lpcxpresso_1769/Debug/liblpc_board_nxp_lpcxpresso_1769.a(board.o)
 .text.Chip_GPIO_SetPinDIROutput
                0x0000000000001204       0x36 /home/zain/Documents/MCUXpresso_11.1.1_3241/workspace/lpc_board_nxp_lpcxpresso_1769/Debug/liblpc_board_nxp_lpcxpresso_1769.a(board.o)
 .text.Chip_GPIO_SetPinDIRInput
                0x000000000000123a       0x3a /home/zain/Documents/MCUXpresso_11.1.1_3241/workspace/lpc_board_nxp_lpcxpresso_1769/Debug/liblpc_board_nxp_lpcxpresso_1769.a(board.o)
 .text.Chip_GPIO_SetPinDIR
                0x0000000000001274       0x42 /home/zain/Documents/MCUXpresso_11.1.1_3241/workspace/lpc_board_nxp_lpcxpresso_1769/Debug/liblpc_board_nxp_lpcxpresso_1769.a(board.o)
 .text.Chip_GPIO_WriteDirBit
                0x00000000000012b6       0x2e /home/zain/Documents/MCUXpresso_11.1.1_3241/workspace/lpc_board_nxp_lpcxpresso_1769/Debug/liblpc_board_nxp_lpcxpresso_1769.a(board.o)
 .text.Chip_UART_SendByte
                0x00000000000012e4       0x1c /home/zain/Documents/MCUXpresso_11.1.1_3241/workspace/lpc_board_nxp_lpcxpresso_1769/Debug/liblpc_board_nxp_lpcxpresso_1769.a(board.o)
 .text.Chip_UART_ConfigData
                0x0000000000001300       0x1a /home/zain/Documents/MCUXpresso_11.1.1_3241/workspace/lpc_board_nxp_lpcxpresso_1769/Debug/liblpc_board_nxp_lpcxpresso_1769.a(board.o)
 .text.Chip_UART_ReadLineStatus
                0x000000000000131a       0x16 /home/zain/Documents/MCUXpresso_11.1.1_3241/workspace/lpc_board_nxp_lpcxpresso_1769/Debug/liblpc_board_nxp_lpcxpresso_1769.a(board.o)
 .text.__sys_write
                0x0000000000001330       0x38 /home/zain/Documents/MCUXpresso_11.1.1_3241/workspace/lpc_board_nxp_lpcxpresso_1769/Debug/liblpc_board_nxp_lpcxpresso_1769.a(board.o)
                0x0000000000001330                __sys_write
 .text.Board_LED_Init
                0x0000000000001368       0x30 /home/zain/Documents/MCUXpresso_11.1.1_3241/workspace/lpc_board_nxp_lpcxpresso_1769/Debug/liblpc_board_nxp_lpcxpresso_1769.a(board.o)
 .text.Board_UART_Init
                0x0000000000001398       0x12 /home/zain/Documents/MCUXpresso_11.1.1_3241/workspace/lpc_board_nxp_lpcxpresso_1769/Debug/liblpc_board_nxp_lpcxpresso_1769.a(board.o)
                0x0000000000001398                Board_UART_Init
 *fill*         0x00000000000013aa        0x2 ff
 .text.Board_Debug_Init
                0x00000000000013ac       0x30 /home/zain/Documents/MCUXpresso_11.1.1_3241/workspace/lpc_board_nxp_lpcxpresso_1769/Debug/liblpc_board_nxp_lpcxpresso_1769.a(board.o)
                0x00000000000013ac                Board_Debug_Init
 .text.Board_UARTPutChar
                0x00000000000013dc       0x34 /home/zain/Documents/MCUXpresso_11.1.1_3241/workspace/lpc_board_nxp_lpcxpresso_1769/Debug/liblpc_board_nxp_lpcxpresso_1769.a(board.o)
                0x00000000000013dc                Board_UARTPutChar
 .text.Board_LED_Set
                0x0000000000001410       0x68 /home/zain/Documents/MCUXpresso_11.1.1_3241/workspace/lpc_board_nxp_lpcxpresso_1769/Debug/liblpc_board_nxp_lpcxpresso_1769.a(board.o)
                0x0000000000001410                Board_LED_Set
 .text.Board_Init
                0x0000000000001478       0x24 /home/zain/Documents/MCUXpresso_11.1.1_3241/workspace/lpc_board_nxp_lpcxpresso_1769/Debug/liblpc_board_nxp_lpcxpresso_1769.a(board.o)
                0x0000000000001478                Board_Init
 .text.Chip_SYSCTL_SetFLASHAccess
                0x000000000000149c       0x30 /home/zain/Documents/MCUXpresso_11.1.1_3241/workspace/lpc_board_nxp_lpcxpresso_1769/Debug/liblpc_board_nxp_lpcxpresso_1769.a(board_sysinit.o)
 .text.Board_SetupMuxing
                0x00000000000014cc       0x1c /home/zain/Documents/MCUXpresso_11.1.1_3241/workspace/lpc_board_nxp_lpcxpresso_1769/Debug/liblpc_board_nxp_lpcxpresso_1769.a(board_sysinit.o)
                0x00000000000014cc                Board_SetupMuxing
 .text.Board_SetupClocking
                0x00000000000014e8       0x12 /home/zain/Documents/MCUXpresso_11.1.1_3241/workspace/lpc_board_nxp_lpcxpresso_1769/Debug/liblpc_board_nxp_lpcxpresso_1769.a(board_sysinit.o)
                0x00000000000014e8                Board_SetupClocking
 .text.Board_SystemInit
                0x00000000000014fa       0x10 /home/zain/Documents/MCUXpresso_11.1.1_3241/workspace/lpc_board_nxp_lpcxpresso_1769/Debug/liblpc_board_nxp_lpcxpresso_1769.a(board_sysinit.o)
                0x00000000000014fa                Board_SystemInit
 *fill*         0x000000000000150a        0x2 ff
 .text.SystemCoreClockUpdate
                0x000000000000150c       0x18 /home/zain/Documents/MCUXpresso_11.1.1_3241/workspace/lpc_chip_175x_6x/Debug/liblpc_chip_175x_6x.a(chip_17xx_40xx.o)
                0x000000000000150c                SystemCoreClockUpdate
 .text.Chip_Clock_IsMainPLLEnabled
                0x0000000000001524       0x24 /home/zain/Documents/MCUXpresso_11.1.1_3241/workspace/lpc_chip_175x_6x/Debug/liblpc_chip_175x_6x.a(clock_17xx_40xx.o)
 .text.Chip_Clock_IsMainPLLConnected
                0x0000000000001548       0x24 /home/zain/Documents/MCUXpresso_11.1.1_3241/workspace/lpc_chip_175x_6x/Debug/liblpc_chip_175x_6x.a(clock_17xx_40xx.o)
 .text.Chip_Clock_FeedPLL
                0x000000000000156c       0x34 /home/zain/Documents/MCUXpresso_11.1.1_3241/workspace/lpc_chip_175x_6x/Debug/liblpc_chip_175x_6x.a(clock_17xx_40xx.o)
 .text.Chip_Clock_GetMainPLLSource
                0x00000000000015a0       0x20 /home/zain/Documents/MCUXpresso_11.1.1_3241/workspace/lpc_chip_175x_6x/Debug/liblpc_chip_175x_6x.a(clock_17xx_40xx.o)
 .text.Chip_Clock_GetMainOscRate
                0x00000000000015c0       0x14 /home/zain/Documents/MCUXpresso_11.1.1_3241/workspace/lpc_chip_175x_6x/Debug/liblpc_chip_175x_6x.a(clock_17xx_40xx.o)
 .text.Chip_Clock_GetIntOscRate
                0x00000000000015d4       0x14 /home/zain/Documents/MCUXpresso_11.1.1_3241/workspace/lpc_chip_175x_6x/Debug/liblpc_chip_175x_6x.a(clock_17xx_40xx.o)
 .text.Chip_Clock_GetRTCOscRate
                0x00000000000015e8       0x14 /home/zain/Documents/MCUXpresso_11.1.1_3241/workspace/lpc_chip_175x_6x/Debug/liblpc_chip_175x_6x.a(clock_17xx_40xx.o)
 .text.Chip_Clock_GetMainPLLInClockRate
                0x00000000000015fc        0xe /home/zain/Documents/MCUXpresso_11.1.1_3241/workspace/lpc_chip_175x_6x/Debug/liblpc_chip_175x_6x.a(clock_17xx_40xx.o)
 *fill*         0x000000000000160a        0x2 ff
 .text.Chip_Clock_EnablePLL
                0x000000000000160c       0x44 /home/zain/Documents/MCUXpresso_11.1.1_3241/workspace/lpc_chip_175x_6x/Debug/liblpc_chip_175x_6x.a(clock_17xx_40xx.o)
                0x000000000000160c                Chip_Clock_EnablePLL
 .text.Chip_Clock_DisablePLL
                0x0000000000001650       0x48 /home/zain/Documents/MCUXpresso_11.1.1_3241/workspace/lpc_chip_175x_6x/Debug/liblpc_chip_175x_6x.a(clock_17xx_40xx.o)
                0x0000000000001650                Chip_Clock_DisablePLL
 .text.Chip_Clock_SetupPLL
                0x0000000000001698       0x5c /home/zain/Documents/MCUXpresso_11.1.1_3241/workspace/lpc_chip_175x_6x/Debug/liblpc_chip_175x_6x.a(clock_17xx_40xx.o)
                0x0000000000001698                Chip_Clock_SetupPLL
 .text.Chip_Clock_EnablePeriphClock
                0x00000000000016f4       0x34 /home/zain/Documents/MCUXpresso_11.1.1_3241/workspace/lpc_chip_175x_6x/Debug/liblpc_chip_175x_6x.a(clock_17xx_40xx.o)
                0x00000000000016f4                Chip_Clock_EnablePeriphClock
 .text.Chip_Clock_GetCPUClockSource
                0x0000000000001728       0x24 /home/zain/Documents/MCUXpresso_11.1.1_3241/workspace/lpc_chip_175x_6x/Debug/liblpc_chip_175x_6x.a(clock_17xx_40xx.o)
                0x0000000000001728                Chip_Clock_GetCPUClockSource
 .text.Chip_Clock_SetCPUClockDiv
                0x000000000000174c       0x20 /home/zain/Documents/MCUXpresso_11.1.1_3241/workspace/lpc_chip_175x_6x/Debug/liblpc_chip_175x_6x.a(clock_17xx_40xx.o)
                0x000000000000174c                Chip_Clock_SetCPUClockDiv
 .text.Chip_Clock_GetCPUClockDiv
                0x000000000000176c       0x1c /home/zain/Documents/MCUXpresso_11.1.1_3241/workspace/lpc_chip_175x_6x/Debug/liblpc_chip_175x_6x.a(clock_17xx_40xx.o)
                0x000000000000176c                Chip_Clock_GetCPUClockDiv
 .text.Chip_Clock_GetPCLKDiv
                0x0000000000001788       0x8c /home/zain/Documents/MCUXpresso_11.1.1_3241/workspace/lpc_chip_175x_6x/Debug/liblpc_chip_175x_6x.a(clock_17xx_40xx.o)
                0x0000000000001788                Chip_Clock_GetPCLKDiv
 .text.Chip_Clock_GetSYSCLKRate
                0x0000000000001814       0x34 /home/zain/Documents/MCUXpresso_11.1.1_3241/workspace/lpc_chip_175x_6x/Debug/liblpc_chip_175x_6x.a(clock_17xx_40xx.o)
                0x0000000000001814                Chip_Clock_GetSYSCLKRate
 .text.Chip_Clock_GetMainPLLOutClockRate
                0x0000000000001848       0x54 /home/zain/Documents/MCUXpresso_11.1.1_3241/workspace/lpc_chip_175x_6x/Debug/liblpc_chip_175x_6x.a(clock_17xx_40xx.o)
                0x0000000000001848                Chip_Clock_GetMainPLLOutClockRate
 .text.Chip_Clock_GetMainClockRate
                0x000000000000189c       0x28 /home/zain/Documents/MCUXpresso_11.1.1_3241/workspace/lpc_chip_175x_6x/Debug/liblpc_chip_175x_6x.a(clock_17xx_40xx.o)
                0x000000000000189c                Chip_Clock_GetMainClockRate
 .text.Chip_Clock_GetSystemClockRate
                0x00000000000018c4       0x18 /home/zain/Documents/MCUXpresso_11.1.1_3241/workspace/lpc_chip_175x_6x/Debug/liblpc_chip_175x_6x.a(clock_17xx_40xx.o)
                0x00000000000018c4                Chip_Clock_GetSystemClockRate
 .text.Chip_Clock_GetPeripheralClockRate
                0x00000000000018dc       0x26 /home/zain/Documents/MCUXpresso_11.1.1_3241/workspace/lpc_chip_175x_6x/Debug/liblpc_chip_175x_6x.a(clock_17xx_40xx.o)
                0x00000000000018dc                Chip_Clock_GetPeripheralClockRate
 .text.Chip_IOCON_PinMuxSet
                0x0000000000001902       0x36 /home/zain/Documents/MCUXpresso_11.1.1_3241/workspace/lpc_chip_175x_6x/Debug/liblpc_chip_175x_6x.a(iocon_17xx_40xx.o)
                0x0000000000001902                Chip_IOCON_PinMuxSet
 .text.Chip_IOCON_PinMux
                0x0000000000001938       0x94 /home/zain/Documents/MCUXpresso_11.1.1_3241/workspace/lpc_chip_175x_6x/Debug/liblpc_chip_175x_6x.a(iocon_17xx_40xx.o)
                0x0000000000001938                Chip_IOCON_PinMux
 .text.Chip_IOCON_SetPinMuxing
                0x00000000000019cc       0x62 /home/zain/Documents/MCUXpresso_11.1.1_3241/workspace/lpc_chip_175x_6x/Debug/liblpc_chip_175x_6x.a(iocon_17xx_40xx.o)
                0x00000000000019cc                Chip_IOCON_SetPinMuxing
 *fill*         0x0000000000001a2e        0x2 ff
 .text.Chip_Clock_IsMainPLLEnabled
                0x0000000000001a30       0x24 /home/zain/Documents/MCUXpresso_11.1.1_3241/workspace/lpc_chip_175x_6x/Debug/liblpc_chip_175x_6x.a(sysinit_17xx_40xx.o)
 .text.Chip_Clock_IsMainPLLLocked
                0x0000000000001a54       0x24 /home/zain/Documents/MCUXpresso_11.1.1_3241/workspace/lpc_chip_175x_6x/Debug/liblpc_chip_175x_6x.a(sysinit_17xx_40xx.o)
 .text.Chip_Clock_IsMainPLLConnected
                0x0000000000001a78       0x24 /home/zain/Documents/MCUXpresso_11.1.1_3241/workspace/lpc_chip_175x_6x/Debug/liblpc_chip_175x_6x.a(sysinit_17xx_40xx.o)
 .text.Chip_Clock_EnableCrystal
                0x0000000000001a9c       0x20 /home/zain/Documents/MCUXpresso_11.1.1_3241/workspace/lpc_chip_175x_6x/Debug/liblpc_chip_175x_6x.a(sysinit_17xx_40xx.o)
 .text.Chip_Clock_IsCrystalEnabled
                0x0000000000001abc       0x24 /home/zain/Documents/MCUXpresso_11.1.1_3241/workspace/lpc_chip_175x_6x/Debug/liblpc_chip_175x_6x.a(sysinit_17xx_40xx.o)
 .text.Chip_Clock_SetMainPLLSource
                0x0000000000001ae0       0x20 /home/zain/Documents/MCUXpresso_11.1.1_3241/workspace/lpc_chip_175x_6x/Debug/liblpc_chip_175x_6x.a(sysinit_17xx_40xx.o)
 .text.Chip_SetupXtalClocking
                0x0000000000001b00       0x90 /home/zain/Documents/MCUXpresso_11.1.1_3241/workspace/lpc_chip_175x_6x/Debug/liblpc_chip_175x_6x.a(sysinit_17xx_40xx.o)
                0x0000000000001b00                Chip_SetupXtalClocking
 .text.Chip_UART_SetupFIFOS
                0x0000000000001b90       0x1a /home/zain/Documents/MCUXpresso_11.1.1_3241/workspace/lpc_chip_175x_6x/Debug/liblpc_chip_175x_6x.a(uart_17xx_40xx.o)
 .text.Chip_UART_ConfigData
                0x0000000000001baa       0x1a /home/zain/Documents/MCUXpresso_11.1.1_3241/workspace/lpc_chip_175x_6x/Debug/liblpc_chip_175x_6x.a(uart_17xx_40xx.o)
 .text.Chip_UART_EnableDivisorAccess
                0x0000000000001bc4       0x1e /home/zain/Documents/MCUXpresso_11.1.1_3241/workspace/lpc_chip_175x_6x/Debug/liblpc_chip_175x_6x.a(uart_17xx_40xx.o)
 .text.Chip_UART_DisableDivisorAccess
                0x0000000000001be2       0x1e /home/zain/Documents/MCUXpresso_11.1.1_3241/workspace/lpc_chip_175x_6x/Debug/liblpc_chip_175x_6x.a(uart_17xx_40xx.o)
 .text.Chip_UART_SetDivisorLatches
                0x0000000000001c00       0x26 /home/zain/Documents/MCUXpresso_11.1.1_3241/workspace/lpc_chip_175x_6x/Debug/liblpc_chip_175x_6x.a(uart_17xx_40xx.o)
 *fill*         0x0000000000001c26        0x2 ff
 .text.Chip_UART_GetClockIndex
                0x0000000000001c28       0x50 /home/zain/Documents/MCUXpresso_11.1.1_3241/workspace/lpc_chip_175x_6x/Debug/liblpc_chip_175x_6x.a(uart_17xx_40xx.o)
 .text.Chip_UART_GetClkIndex
                0x0000000000001c78       0x50 /home/zain/Documents/MCUXpresso_11.1.1_3241/workspace/lpc_chip_175x_6x/Debug/liblpc_chip_175x_6x.a(uart_17xx_40xx.o)
 .text.Chip_UART_Init
                0x0000000000001cc8       0x78 /home/zain/Documents/MCUXpresso_11.1.1_3241/workspace/lpc_chip_175x_6x/Debug/liblpc_chip_175x_6x.a(uart_17xx_40xx.o)
                0x0000000000001cc8                Chip_UART_Init
 .text.Chip_UART_TXEnable
                0x0000000000001d40       0x18 /home/zain/Documents/MCUXpresso_11.1.1_3241/workspace/lpc_chip_175x_6x/Debug/liblpc_chip_175x_6x.a(uart_17xx_40xx.o)
                0x0000000000001d40                Chip_UART_TXEnable
 .text.Chip_UART_TXDisable
                0x0000000000001d58       0x18 /home/zain/Documents/MCUXpresso_11.1.1_3241/workspace/lpc_chip_175x_6x/Debug/liblpc_chip_175x_6x.a(uart_17xx_40xx.o)
                0x0000000000001d58                Chip_UART_TXDisable
 .text.Chip_UART_SetBaud
                0x0000000000001d70       0x62 /home/zain/Documents/MCUXpresso_11.1.1_3241/workspace/lpc_chip_175x_6x/Debug/liblpc_chip_175x_6x.a(uart_17xx_40xx.o)
                0x0000000000001d70                Chip_UART_SetBaud
 .text.__main   0x0000000000001dd2        0xe /usr/local/mcuxpressoide-11.1.1_3241/ide/plugins/com.nxp.mcuxpresso.tools.linux_11.1.0.202001081728/tools/bin/../lib/gcc/arm-none-eabi/8.3.1/../../../../arm-none-eabi/lib/thumb/v7-m/nofp/libcr_nohost.a(_cr__main.o)
                0x0000000000001dd2                __main
 .text.memset   0x0000000000001de0        0x4 /usr/local/mcuxpressoide-11.1.1_3241/ide/plugins/com.nxp.mcuxpresso.tools.linux_11.1.0.202001081728/tools/bin/../lib/gcc/arm-none-eabi/8.3.1/../../../../arm-none-eabi/lib/thumb/v7-m/nofp/libcr_c.a(memset.o)
                0x0000000000001de0                memset
 .text.malloc   0x0000000000001de4       0xc8 /usr/local/mcuxpressoide-11.1.1_3241/ide/plugins/com.nxp.mcuxpresso.tools.linux_11.1.0.202001081728/tools/bin/../lib/gcc/arm-none-eabi/8.3.1/../../../../arm-none-eabi/lib/thumb/v7-m/nofp/libcr_c.a(alloc.o)
                0x0000000000001de4                malloc
 .text.free     0x0000000000001eac       0x30 /usr/local/mcuxpressoide-11.1.1_3241/ide/plugins/com.nxp.mcuxpresso.tools.linux_11.1.0.202001081728/tools/bin/../lib/gcc/arm-none-eabi/8.3.1/../../../../arm-none-eabi/lib/thumb/v7-m/nofp/libcr_c.a(alloc.o)
                0x0000000000001eac                free
 .text._Csys_alloc
                0x0000000000001edc       0x20 /usr/local/mcuxpressoide-11.1.1_3241/ide/plugins/com.nxp.mcuxpresso.tools.linux_11.1.0.202001081728/tools/bin/../lib/gcc/arm-none-eabi/8.3.1/../../../../arm-none-eabi/lib/thumb/v7-m/nofp/libcr_c.a(alloc.o)
                0x0000000000001edc                _Csys_alloc
 .text.fp_round
                0x0000000000001efc       0x4c /usr/local/mcuxpressoide-11.1.1_3241/ide/plugins/com.nxp.mcuxpresso.tools.linux_11.1.0.202001081728/tools/bin/../lib/gcc/arm-none-eabi/8.3.1/../../../../arm-none-eabi/lib/thumb/v7-m/nofp/libcr_c.a(fpprintf.o)
 .text.pr_dec.constprop.1
                0x0000000000001f48       0x26 /usr/local/mcuxpressoide-11.1.1_3241/ide/plugins/com.nxp.mcuxpresso.tools.linux_11.1.0.202001081728/tools/bin/../lib/gcc/arm-none-eabi/8.3.1/../../../../arm-none-eabi/lib/thumb/v7-m/nofp/libcr_c.a(fpprintf.o)
 *fill*         0x0000000000001f6e        0x2 ff
 .text.sprintf  0x0000000000001f70       0x6c /usr/local/mcuxpressoide-11.1.1_3241/ide/plugins/com.nxp.mcuxpresso.tools.linux_11.1.0.202001081728/tools/bin/../lib/gcc/arm-none-eabi/8.3.1/../../../../arm-none-eabi/lib/thumb/v7-m/nofp/libcr_c.a(fpprintf.o)
                0x0000000000001f70                sprintf
 *fill*         0x0000000000001fdc        0x4 ff
 .text.fp_display
                0x0000000000001fe0      0x948 /usr/local/mcuxpressoide-11.1.1_3241/ide/plugins/com.nxp.mcuxpresso.tools.linux_11.1.0.202001081728/tools/bin/../lib/gcc/arm-none-eabi/8.3.1/../../../../arm-none-eabi/lib/thumb/v7-m/nofp/libcr_c.a(fpprintf.o)
 .text.vsnprintf
                0x0000000000002928       0x68 /usr/local/mcuxpressoide-11.1.1_3241/ide/plugins/com.nxp.mcuxpresso.tools.linux_11.1.0.202001081728/tools/bin/../lib/gcc/arm-none-eabi/8.3.1/../../../../arm-none-eabi/lib/thumb/v7-m/nofp/libcr_c.a(fpprintf.o)
                0x0000000000002928                vsnprintf
 .text.printf   0x0000000000002990       0x54 /usr/local/mcuxpressoide-11.1.1_3241/ide/plugins/com.nxp.mcuxpresso.tools.linux_11.1.0.202001081728/tools/bin/../lib/gcc/arm-none-eabi/8.3.1/../../../../arm-none-eabi/lib/thumb/v7-m/nofp/libcr_c.a(fpprintf.o)
                0x0000000000002990                printf
 .text._initio  0x00000000000029e4       0x78 /usr/local/mcuxpressoide-11.1.1_3241/ide/plugins/com.nxp.mcuxpresso.tools.linux_11.1.0.202001081728/tools/bin/../lib/gcc/arm-none-eabi/8.3.1/../../../../arm-none-eabi/lib/thumb/v7-m/nofp/libcr_c.a(initio.o)
                0x00000000000029e4                _initio
 .text.__vfprintf
                0x0000000000002a5c      0xbd4 /usr/local/mcuxpressoide-11.1.1_3241/ide/plugins/com.nxp.mcuxpresso.tools.linux_11.1.0.202001081728/tools/bin/../lib/gcc/arm-none-eabi/8.3.1/../../../../arm-none-eabi/lib/thumb/v7-m/nofp/libcr_c.a(printf.o)
                0x0000000000002a5c                __vfprintf
 .text.setvbuf  0x0000000000003630       0x40 /usr/local/mcuxpressoide-11.1.1_3241/ide/plugins/com.nxp.mcuxpresso.tools.linux_11.1.0.202001081728/tools/bin/../lib/gcc/arm-none-eabi/8.3.1/../../../../arm-none-eabi/lib/thumb/v7-m/nofp/libcr_c.a(setvbuf.o)
                0x0000000000003630                setvbuf
 .text.strlen   0x0000000000003670       0x4c /usr/local/mcuxpressoide-11.1.1_3241/ide/plugins/com.nxp.mcuxpresso.tools.linux_11.1.0.202001081728/tools/bin/../lib/gcc/arm-none-eabi/8.3.1/../../../../arm-none-eabi/lib/thumb/v7-m/nofp/libcr_c.a(strlen.o)
                0x0000000000003670                strlen
 .text._sbrk    0x00000000000036bc       0x3c /usr/local/mcuxpressoide-11.1.1_3241/ide/plugins/com.nxp.mcuxpresso.tools.linux_11.1.0.202001081728/tools/bin/../lib/gcc/arm-none-eabi/8.3.1/../../../../arm-none-eabi/lib/thumb/v7-m/nofp/libcr_c.a(_cr_sbrk.o)
                0x00000000000036bc                _sbrk
 .text._deferredlazyseek
                0x00000000000036f8       0x40 /usr/local/mcuxpressoide-11.1.1_3241/ide/plugins/com.nxp.mcuxpresso.tools.linux_11.1.0.202001081728/tools/bin/../lib/gcc/arm-none-eabi/8.3.1/../../../../arm-none-eabi/lib/thumb/v7-m/nofp/libcr_c.a(_deferredlazyseek.o)
                0x00000000000036f8                _deferredlazyseek
 .text.__flsbuf
                0x0000000000003738      0x140 /usr/local/mcuxpressoide-11.1.1_3241/ide/plugins/com.nxp.mcuxpresso.tools.linux_11.1.0.202001081728/tools/bin/../lib/gcc/arm-none-eabi/8.3.1/../../../../arm-none-eabi/lib/thumb/v7-m/nofp/libcr_c.a(_deferredlazyseek.o)
                0x0000000000003738                __flsbuf
 .text._fdopen  0x0000000000003878       0x68 /usr/local/mcuxpressoide-11.1.1_3241/ide/plugins/com.nxp.mcuxpresso.tools.linux_11.1.0.202001081728/tools/bin/../lib/gcc/arm-none-eabi/8.3.1/../../../../arm-none-eabi/lib/thumb/v7-m/nofp/libcr_c.a(_fdopen.o)
                0x0000000000003878                _fdopen
 .text._fflush  0x00000000000038e0       0x52 /usr/local/mcuxpressoide-11.1.1_3241/ide/plugins/com.nxp.mcuxpresso.tools.linux_11.1.0.202001081728/tools/bin/../lib/gcc/arm-none-eabi/8.3.1/../../../../arm-none-eabi/lib/thumb/v7-m/nofp/libcr_c.a(_fflush.o)
                0x00000000000038e0                _fflush
 .text._frexpl  0x0000000000003932       0x56 /usr/local/mcuxpressoide-11.1.1_3241/ide/plugins/com.nxp.mcuxpresso.tools.linux_11.1.0.202001081728/tools/bin/../lib/gcc/arm-none-eabi/8.3.1/../../../../arm-none-eabi/lib/thumb/v7-m/nofp/libcr_c.a(_frexpl.o)
                0x0000000000003932                _frexpl
 .text._ldexpl  0x0000000000003988       0x48 /usr/local/mcuxpressoide-11.1.1_3241/ide/plugins/com.nxp.mcuxpresso.tools.linux_11.1.0.202001081728/tools/bin/../lib/gcc/arm-none-eabi/8.3.1/../../../../arm-none-eabi/lib/thumb/v7-m/nofp/libcr_c.a(_ldexpl.o)
                0x0000000000003988                _ldexpl
 .text._Cwritebuf
                0x00000000000039d0       0x6c /usr/local/mcuxpressoide-11.1.1_3241/ide/plugins/com.nxp.mcuxpresso.tools.linux_11.1.0.202001081728/tools/bin/../lib/gcc/arm-none-eabi/8.3.1/../../../../arm-none-eabi/lib/thumb/v7-m/nofp/libcr_c.a(_writebuf.o)
                0x00000000000039d0                _Cwritebuf
 .text.fclose   0x0000000000003a3c       0x58 /usr/local/mcuxpressoide-11.1.1_3241/ide/plugins/com.nxp.mcuxpresso.tools.linux_11.1.0.202001081728/tools/bin/../lib/gcc/arm-none-eabi/8.3.1/../../../../arm-none-eabi/lib/thumb/v7-m/nofp/libcr_c.a(fclose.o)
                0x0000000000003a3c                fclose
 .text.fflush   0x0000000000003a94       0x44 /usr/local/mcuxpressoide-11.1.1_3241/ide/plugins/com.nxp.mcuxpresso.tools.linux_11.1.0.202001081728/tools/bin/../lib/gcc/arm-none-eabi/8.3.1/../../../../arm-none-eabi/lib/thumb/v7-m/nofp/libcr_c.a(fflush.o)
                0x0000000000003a94                fflush
 .text.fseek    0x0000000000003ad8      0x100 /usr/local/mcuxpressoide-11.1.1_3241/ide/plugins/com.nxp.mcuxpresso.tools.linux_11.1.0.202001081728/tools/bin/../lib/gcc/arm-none-eabi/8.3.1/../../../../arm-none-eabi/lib/thumb/v7-m/nofp/libcr_c.a(fseek.o)
                0x0000000000003ad8                fseek
 .text.ftell    0x0000000000003bd8       0x48 /usr/local/mcuxpressoide-11.1.1_3241/ide/plugins/com.nxp.mcuxpresso.tools.linux_11.1.0.202001081728/tools/bin/../lib/gcc/arm-none-eabi/8.3.1/../../../../arm-none-eabi/lib/thumb/v7-m/nofp/libcr_c.a(ftell.o)
                0x0000000000003bd8                ftell
 .text.remove   0x0000000000003c20       0x14 /usr/local/mcuxpressoide-11.1.1_3241/ide/plugins/com.nxp.mcuxpresso.tools.linux_11.1.0.202001081728/tools/bin/../lib/gcc/arm-none-eabi/8.3.1/../../../../arm-none-eabi/lib/thumb/v7-m/nofp/libcr_c.a(remove.o)
                0x0000000000003c20                remove
 .text.__check_heap_overflow
                0x0000000000003c34       0x18 /usr/local/mcuxpressoide-11.1.1_3241/ide/plugins/com.nxp.mcuxpresso.tools.linux_11.1.0.202001081728/tools/bin/../lib/gcc/arm-none-eabi/8.3.1/../../../../arm-none-eabi/lib/thumb/v7-m/nofp/libcr_c.a(_cr_check_heap.o)
                0x0000000000003c34                __check_heap_overflow
 .text._do_fflush
                0x0000000000003c4c       0x40 /usr/local/mcuxpressoide-11.1.1_3241/ide/plugins/com.nxp.mcuxpresso.tools.linux_11.1.0.202001081728/tools/bin/../lib/gcc/arm-none-eabi/8.3.1/../../../../arm-none-eabi/lib/thumb/v7-m/nofp/libcr_c.a(_do_fflush.o)
                0x0000000000003c4c                _do_fflush
 .text.__aeabi_dmul
                0x0000000000003c8c      0x10c /usr/local/mcuxpressoide-11.1.1_3241/ide/plugins/com.nxp.mcuxpresso.tools.linux_11.1.0.202001081728/tools/bin/../lib/gcc/arm-none-eabi/8.3.1/thumb/v7-m/nofp/libcr_eabihelpers.a(double.o)
                0x0000000000003c8c                __aeabi_dmul
 .text.__aeabi_ddiv
                0x0000000000003d98      0x140 /usr/local/mcuxpressoide-11.1.1_3241/ide/plugins/com.nxp.mcuxpresso.tools.linux_11.1.0.202001081728/tools/bin/../lib/gcc/arm-none-eabi/8.3.1/thumb/v7-m/nofp/libcr_eabihelpers.a(double.o)
                0x0000000000003d98                __aeabi_ddiv
 .text.__aeabi_dsub
                0x0000000000003ed8      0x1a8 /usr/local/mcuxpressoide-11.1.1_3241/ide/plugins/com.nxp.mcuxpresso.tools.linux_11.1.0.202001081728/tools/bin/../lib/gcc/arm-none-eabi/8.3.1/thumb/v7-m/nofp/libcr_eabihelpers.a(double.o)
                0x0000000000003ed8                __aeabi_dsub
 .text.__aeabi_dadd
                0x0000000000004080      0x108 /usr/local/mcuxpressoide-11.1.1_3241/ide/plugins/com.nxp.mcuxpresso.tools.linux_11.1.0.202001081728/tools/bin/../lib/gcc/arm-none-eabi/8.3.1/thumb/v7-m/nofp/libcr_eabihelpers.a(double.o)
                0x0000000000004080                __aeabi_dadd
 .text.__aeabi_d2iz
                0x0000000000004188       0x40 /usr/local/mcuxpressoide-11.1.1_3241/ide/plugins/com.nxp.mcuxpresso.tools.linux_11.1.0.202001081728/tools/bin/../lib/gcc/arm-none-eabi/8.3.1/thumb/v7-m/nofp/libcr_eabihelpers.a(double.o)
                0x0000000000004188                __aeabi_d2iz
 .text.__bhs_ui2d
                0x00000000000041c8       0x46 /usr/local/mcuxpressoide-11.1.1_3241/ide/plugins/com.nxp.mcuxpresso.tools.linux_11.1.0.202001081728/tools/bin/../lib/gcc/arm-none-eabi/8.3.1/thumb/v7-m/nofp/libcr_eabihelpers.a(double.o)
                0x00000000000041c8                __bhs_ui2d
 .text.__aeabi_i2d
                0x000000000000420e       0x12 /usr/local/mcuxpressoide-11.1.1_3241/ide/plugins/com.nxp.mcuxpresso.tools.linux_11.1.0.202001081728/tools/bin/../lib/gcc/arm-none-eabi/8.3.1/thumb/v7-m/nofp/libcr_eabihelpers.a(double.o)
                0x000000000000420e                __aeabi_i2d
 .text.__aeabi_dcmpeq
                0x0000000000004220       0x2a /usr/local/mcuxpressoide-11.1.1_3241/ide/plugins/com.nxp.mcuxpresso.tools.linux_11.1.0.202001081728/tools/bin/../lib/gcc/arm-none-eabi/8.3.1/thumb/v7-m/nofp/libcr_eabihelpers.a(double.o)
                0x0000000000004220                __aeabi_dcmpeq
 .text.__aeabi_dcmplt
                0x000000000000424a       0x52 /usr/local/mcuxpressoide-11.1.1_3241/ide/plugins/com.nxp.mcuxpresso.tools.linux_11.1.0.202001081728/tools/bin/../lib/gcc/arm-none-eabi/8.3.1/thumb/v7-m/nofp/libcr_eabihelpers.a(double.o)
                0x000000000000424a                __aeabi_dcmplt
 .text.__aeabi_dcmple
                0x000000000000429c       0x52 /usr/local/mcuxpressoide-11.1.1_3241/ide/plugins/com.nxp.mcuxpresso.tools.linux_11.1.0.202001081728/tools/bin/../lib/gcc/arm-none-eabi/8.3.1/thumb/v7-m/nofp/libcr_eabihelpers.a(double.o)
                0x000000000000429c                __aeabi_dcmple
 .text.__aeabi_dcmpge
                0x00000000000042ee       0x58 /usr/local/mcuxpressoide-11.1.1_3241/ide/plugins/com.nxp.mcuxpresso.tools.linux_11.1.0.202001081728/tools/bin/../lib/gcc/arm-none-eabi/8.3.1/thumb/v7-m/nofp/libcr_eabihelpers.a(double.o)
                0x00000000000042ee                __aeabi_dcmpge
 .text.__aeabi_memset_lowlevel
                0x0000000000004346       0x32 /usr/local/mcuxpressoide-11.1.1_3241/ide/plugins/com.nxp.mcuxpresso.tools.linux_11.1.0.202001081728/tools/bin/../lib/gcc/arm-none-eabi/8.3.1/thumb/v7-m/nofp/libcr_eabihelpers.a(memcpy.o)
                0x0000000000004346                __aeabi_lowlevel_memset
 .text.__sys_appexit
                0x0000000000004378        0x2 /usr/local/mcuxpressoide-11.1.1_3241/ide/plugins/com.nxp.mcuxpresso.tools.linux_11.1.0.202001081728/tools/bin/../lib/gcc/arm-none-eabi/8.3.1/../../../../arm-none-eabi/lib/thumb/v7-m/nofp/libcr_nohost.a(__sys_appexit.o)
                0x0000000000004378                __exit
                0x0000000000004378                __sys_appexit
 .text.__sys_close
                0x000000000000437a        0x6 /usr/local/mcuxpressoide-11.1.1_3241/ide/plugins/com.nxp.mcuxpresso.tools.linux_11.1.0.202001081728/tools/bin/../lib/gcc/arm-none-eabi/8.3.1/../../../../arm-none-eabi/lib/thumb/v7-m/nofp/libcr_nohost.a(__sys_close.o)
                0x000000000000437a                __sys_close
 .text.__sys_flen
                0x0000000000004380        0x6 /usr/local/mcuxpressoide-11.1.1_3241/ide/plugins/com.nxp.mcuxpresso.tools.linux_11.1.0.202001081728/tools/bin/../lib/gcc/arm-none-eabi/8.3.1/../../../../arm-none-eabi/lib/thumb/v7-m/nofp/libcr_nohost.a(__sys_flen.o)
                0x0000000000004380                __sys_flen
 .text.__sys_istty
                0x0000000000004386        0x6 /usr/local/mcuxpressoide-11.1.1_3241/ide/plugins/com.nxp.mcuxpresso.tools.linux_11.1.0.202001081728/tools/bin/../lib/gcc/arm-none-eabi/8.3.1/../../../../arm-none-eabi/lib/thumb/v7-m/nofp/libcr_nohost.a(__sys_istty.o)
                0x0000000000004386                __sys_istty
 .text.__sys_remove
                0x000000000000438c        0x6 /usr/local/mcuxpressoide-11.1.1_3241/ide/plugins/com.nxp.mcuxpresso.tools.linux_11.1.0.202001081728/tools/bin/../lib/gcc/arm-none-eabi/8.3.1/../../../../arm-none-eabi/lib/thumb/v7-m/nofp/libcr_nohost.a(__sys_remove.o)
                0x000000000000438c                __sys_remove
 .text.__sys_seek
                0x0000000000004392        0x6 /usr/local/mcuxpressoide-11.1.1_3241/ide/plugins/com.nxp.mcuxpresso.tools.linux_11.1.0.202001081728/tools/bin/../lib/gcc/arm-none-eabi/8.3.1/../../../../arm-none-eabi/lib/thumb/v7-m/nofp/libcr_nohost.a(__sys_seek.o)
                0x0000000000004392                __sys_seek
 .text.__sys_tmpnam
                0x0000000000004398        0x6 /usr/local/mcuxpressoide-11.1.1_3241/ide/plugins/com.nxp.mcuxpresso.tools.linux_11.1.0.202001081728/tools/bin/../lib/gcc/arm-none-eabi/8.3.1/../../../../arm-none-eabi/lib/thumb/v7-m/nofp/libcr_nohost.a(__sys_tmpnam.o)
                0x0000000000004398                __sys_tmpnam
 */tasks.o(.rodata*)
 *fill*         0x000000000000439e        0x2 ff
 .rodata.vTaskStartScheduler.str1.4
                0x00000000000043a0        0x5 ./freertos/src/tasks.o
 *(.rodata .rodata.* .constdata .constdata.*)
 *fill*         0x00000000000043a5        0x3 ff
 .rodata.vUARTTask.str1.4
                0x00000000000043a8        0xb ./example/src/freertos_blinky.o
 *fill*         0x00000000000043b3        0x1 ff
 .rodata.main.str1.4
                0x00000000000043b4       0x24 ./example/src/freertos_blinky.o
                                         0x22 (size before relaxing)
 .rodata.OscRateIn
                0x00000000000043d8        0x4 /home/zain/Documents/MCUXpresso_11.1.1_3241/workspace/lpc_board_nxp_lpcxpresso_1769/Debug/liblpc_board_nxp_lpcxpresso_1769.a(board.o)
                0x00000000000043d8                OscRateIn
 .rodata.RTCOscRateIn
                0x00000000000043dc        0x4 /home/zain/Documents/MCUXpresso_11.1.1_3241/workspace/lpc_board_nxp_lpcxpresso_1769/Debug/liblpc_board_nxp_lpcxpresso_1769.a(board.o)
                0x00000000000043dc                RTCOscRateIn
 .rodata.pinmuxing
                0x00000000000043e0       0x5c /home/zain/Documents/MCUXpresso_11.1.1_3241/workspace/lpc_board_nxp_lpcxpresso_1769/Debug/liblpc_board_nxp_lpcxpresso_1769.a(board_sysinit.o)
 .rodata._Csys_alloc.str1.1
                0x000000000000443c       0x18 /usr/local/mcuxpressoide-11.1.1_3241/ide/plugins/com.nxp.mcuxpresso.tools.linux_11.1.0.202001081728/tools/bin/../lib/gcc/arm-none-eabi/8.3.1/../../../../arm-none-eabi/lib/thumb/v7-m/nofp/libcr_c.a(alloc.o)
 .rodata.fp_display.str1.1
                0x0000000000004454       0x34 /usr/local/mcuxpressoide-11.1.1_3241/ide/plugins/com.nxp.mcuxpresso.tools.linux_11.1.0.202001081728/tools/bin/../lib/gcc/arm-none-eabi/8.3.1/../../../../arm-none-eabi/lib/thumb/v7-m/nofp/libcr_c.a(fpprintf.o)
                                         0x35 (size before relaxing)
 .rodata._initio.str1.1
                0x0000000000004488        0x4 /usr/local/mcuxpressoide-11.1.1_3241/ide/plugins/com.nxp.mcuxpresso.tools.linux_11.1.0.202001081728/tools/bin/../lib/gcc/arm-none-eabi/8.3.1/../../../../arm-none-eabi/lib/thumb/v7-m/nofp/libcr_c.a(initio.o)
 .rodata.__vfprintf.str1.1
                0x000000000000448c       0x31 /usr/local/mcuxpressoide-11.1.1_3241/ide/plugins/com.nxp.mcuxpresso.tools.linux_11.1.0.202001081728/tools/bin/../lib/gcc/arm-none-eabi/8.3.1/../../../../arm-none-eabi/lib/thumb/v7-m/nofp/libcr_c.a(printf.o)
                                         0x38 (size before relaxing)
 *fill*         0x00000000000044bd        0x3 ff
 .rodata.__num_Ciob_streams
                0x00000000000044c0        0x4 /usr/local/mcuxpressoide-11.1.1_3241/ide/plugins/com.nxp.mcuxpresso.tools.linux_11.1.0.202001081728/tools/bin/../lib/gcc/arm-none-eabi/8.3.1/../../../../arm-none-eabi/lib/thumb/v7-m/nofp/libcr_nohost.a(__ciob.o)
                0x00000000000044c0                __num_Ciob_streams
                0x00000000000044c4                . = ALIGN (0x4)

.glue_7         0x00000000000044c4        0x0
 .glue_7        0x00000000000044c4        0x0 linker stubs

.glue_7t        0x00000000000044c4        0x0
 .glue_7t       0x00000000000044c4        0x0 linker stubs

.vfp11_veneer   0x00000000000044c4        0x0
 .vfp11_veneer  0x00000000000044c4        0x0 linker stubs

.v4_bx          0x00000000000044c4        0x0
 .v4_bx         0x00000000000044c4        0x0 linker stubs

.iplt           0x00000000000044c4        0x0
 .iplt          0x00000000000044c4        0x0 ./freertos/src/FreeRTOSCommonHooks.o

.rel.dyn        0x00000000000044c4        0x0
 .rel.iplt      0x00000000000044c4        0x0 ./freertos/src/FreeRTOSCommonHooks.o

.ARM.extab
 *(.ARM.extab* .gnu.linkonce.armextab.*)

.ARM.exidx      0x00000000000044c4        0x0
                0x00000000000044c4                __exidx_start = .
 *(.ARM.exidx* .gnu.linkonce.armexidx.*)
                0x00000000000044c4                __exidx_end = .
                0x00000000000044c4                _etext = .

.data_RAM2      0x000000002007c000        0x0 load address 0x00000000000044c4
 FILL mask 0xff
                [!provide]                        PROVIDE (__start_data_RAM2 = .)
                [!provide]                        PROVIDE (__start_data_RamAHB32 = .)
 *(.ramfunc.$RAM2)
 *(.ramfunc.$RamAHB32)
 *(.data.$RAM2)
 *(.data.$RamAHB32)
 *(.data.$RAM2.*)
 *(.data.$RamAHB32.*)
                0x000000002007c000                . = ALIGN (0x4)
                [!provide]                        PROVIDE (__end_data_RAM2 = .)
                [!provide]                        PROVIDE (__end_data_RamAHB32 = .)

.uninit_RESERVED
                0x0000000010000000        0x0
                0x0000000010000000                _start_uninit_RESERVED = .
 *(.bss.$RESERVED*)
                0x0000000010000000                . = ALIGN (0x4)
                0x0000000010000000                _end_uninit_RESERVED = .

.data           0x0000000010000000        0x8 load address 0x00000000000044c4
 FILL mask 0xff
                0x0000000010000000                _data = .
                [!provide]                        PROVIDE (__start_data_RAM = .)
                [!provide]                        PROVIDE (__start_data_RamLoc32 = .)
 *(vtable)
 *(.ramfunc*)
 *(CodeQuickAccess)
 *(DataQuickAccess)
 *(RamFunction)
 *(.data*)
 .data.uxCriticalNesting
                0x0000000010000000        0x4 ./freertos/src/port.o
 .data.xNextTaskUnblockTime
                0x0000000010000004        0x4 ./freertos/src/tasks.o
                0x0000000010000008                . = ALIGN (0x4)
                0x0000000010000008                _edata = .
                [!provide]                        PROVIDE (__end_data_RAM = .)
                [!provide]                        PROVIDE (__end_data_RamLoc32 = .)

.igot.plt       0x0000000010000008        0x0 load address 0x00000000000044cc
 .igot.plt      0x0000000010000008        0x0 ./freertos/src/FreeRTOSCommonHooks.o

.bss_RAM2       0x000000002007c000        0x0
                [!provide]                        PROVIDE (__start_bss_RAM2 = .)
                [!provide]                        PROVIDE (__start_bss_RamAHB32 = .)
 *(.bss.$RAM2)
 *(.bss.$RamAHB32)
 *(.bss.$RAM2.*)
 *(.bss.$RamAHB32.*)
                0x000000002007c000                . = ALIGN ((. != 0x0)?0x4:0x1)
                [!provide]                        PROVIDE (__end_bss_RAM2 = .)
                [!provide]                        PROVIDE (__end_bss_RamAHB32 = .)

.bss            0x0000000010000008      0x334
                0x0000000010000008                _bss = .
                [!provide]                        PROVIDE (__start_bss_RAM = .)
                [!provide]                        PROVIDE (__start_bss_RamLoc32 = .)
 *(.bss*)
 .bss.ulTimerCountsForOneTick
                0x0000000010000008        0x4 ./freertos/src/port.o
 .bss.xMaximumPossibleSuppressedTicks
                0x000000001000000c        0x4 ./freertos/src/port.o
 .bss.ulStoppedTimerCompensation
                0x0000000010000010        0x4 ./freertos/src/port.o
 .bss.pxCurrentTCB
                0x0000000010000014        0x4 ./freertos/src/tasks.o
                0x0000000010000014                pxCurrentTCB
 .bss.pxReadyTasksLists
                0x0000000010000018       0xa0 ./freertos/src/tasks.o
 .bss.xDelayedTaskList1
                0x00000000100000b8       0x14 ./freertos/src/tasks.o
 .bss.xDelayedTaskList2
                0x00000000100000cc       0x14 ./freertos/src/tasks.o
 .bss.pxDelayedTaskList
                0x00000000100000e0        0x4 ./freertos/src/tasks.o
 .bss.pxOverflowDelayedTaskList
                0x00000000100000e4        0x4 ./freertos/src/tasks.o
 .bss.xPendingReadyList
                0x00000000100000e8       0x14 ./freertos/src/tasks.o
 .bss.xTasksWaitingTermination
                0x00000000100000fc       0x14 ./freertos/src/tasks.o
 .bss.uxTasksDeleted
                0x0000000010000110        0x4 ./freertos/src/tasks.o
 .bss.xSuspendedTaskList
                0x0000000010000114       0x14 ./freertos/src/tasks.o
 .bss.uxCurrentNumberOfTasks
                0x0000000010000128        0x4 ./freertos/src/tasks.o
 .bss.xTickCount
                0x000000001000012c        0x4 ./freertos/src/tasks.o
 .bss.uxTopReadyPriority
                0x0000000010000130        0x4 ./freertos/src/tasks.o
 .bss.xSchedulerRunning
                0x0000000010000134        0x4 ./freertos/src/tasks.o
 .bss.uxSchedulerSuspended
                0x0000000010000138        0x4 ./freertos/src/tasks.o
 .bss.uxPendedTicks
                0x000000001000013c        0x4 ./freertos/src/tasks.o
 .bss.xYieldPending
                0x0000000010000140        0x4 ./freertos/src/tasks.o
 .bss.xNumOfOverflows
                0x0000000010000144        0x4 ./freertos/src/tasks.o
 .bss.uxTaskNumber
                0x0000000010000148        0x4 ./freertos/src/tasks.o
 .bss.__end_of_heap
                0x000000001000014c        0x4 /usr/local/mcuxpressoide-11.1.1_3241/ide/plugins/com.nxp.mcuxpresso.tools.linux_11.1.0.202001081728/tools/bin/../lib/gcc/arm-none-eabi/8.3.1/../../../../arm-none-eabi/lib/thumb/v7-m/nofp/libcr_c.a(__init_alloc.o)
                0x000000001000014c                __end_of_heap
 .bss.__heaps   0x0000000010000150        0x4 /usr/local/mcuxpressoide-11.1.1_3241/ide/plugins/com.nxp.mcuxpresso.tools.linux_11.1.0.202001081728/tools/bin/../lib/gcc/arm-none-eabi/8.3.1/../../../../arm-none-eabi/lib/thumb/v7-m/nofp/libcr_c.a(__init_alloc.o)
                0x0000000010000150                __heaps
 .bss.errno     0x0000000010000154        0x4 /usr/local/mcuxpressoide-11.1.1_3241/ide/plugins/com.nxp.mcuxpresso.tools.linux_11.1.0.202001081728/tools/bin/../lib/gcc/arm-none-eabi/8.3.1/../../../../arm-none-eabi/lib/thumb/v7-m/nofp/libcr_c.a(errno.o)
                0x0000000010000154                errno
 .bss.__Ciob    0x0000000010000158      0x1e0 /usr/local/mcuxpressoide-11.1.1_3241/ide/plugins/com.nxp.mcuxpresso.tools.linux_11.1.0.202001081728/tools/bin/../lib/gcc/arm-none-eabi/8.3.1/../../../../arm-none-eabi/lib/thumb/v7-m/nofp/libcr_nohost.a(__ciob.o)
                0x0000000010000158                __Ciob
 *(COMMON)
 COMMON         0x0000000010000338        0x4 /home/zain/Documents/MCUXpresso_11.1.1_3241/workspace/lpc_chip_175x_6x/Debug/liblpc_chip_175x_6x.a(chip_17xx_40xx.o)
                0x0000000010000338                SystemCoreClock
                0x000000001000033c                . = ALIGN (0x4)
                0x000000001000033c                _ebss = .
                [!provide]                        PROVIDE (__end_bss_RAM = .)
                [!provide]                        PROVIDE (__end_bss_RamLoc32 = .)
                [!provide]                        PROVIDE (end = .)

.noinit_RAM2    0x000000002007c000        0x0
                [!provide]                        PROVIDE (__start_noinit_RAM2 = .)
                [!provide]                        PROVIDE (__start_noinit_RamAHB32 = .)
 *(.noinit.$RAM2)
 *(.noinit.$RamAHB32)
 *(.noinit.$RAM2.*)
 *(.noinit.$RamAHB32.*)
                0x000000002007c000                . = ALIGN (0x4)
                [!provide]                        PROVIDE (__end_noinit_RAM2 = .)
                [!provide]                        PROVIDE (__end_noinit_RamAHB32 = .)

.noinit         0x000000001000033c        0x0
                0x000000001000033c                _noinit = .
                [!provide]                        PROVIDE (__start_noinit_RAM = .)
                [!provide]                        PROVIDE (__start_noinit_RamLoc32 = .)
 *(.noinit*)
                0x000000001000033c                . = ALIGN (0x4)
                0x000000001000033c                _end_noinit = .
                [!provide]                        PROVIDE (__end_noinit_RAM = .)
                [!provide]                        PROVIDE (__end_noinit_RamLoc32 = .)
                0x000000001000033c                PROVIDE (_pvHeapStart = DEFINED (__user_heap_base)?__user_heap_base:.)
                0x0000000010008000                PROVIDE (_vStackTop = DEFINED (__user_stack_top)?__user_stack_top:(__top_RamLoc32 - 0x0))
                [!provide]                        PROVIDE (__valid_user_code_checksum = (0x0 - ((((((_vStackTop + (ResetISR + 0x1)) + (NMI_Handler + 0x1)) + (HardFault_Handler + 0x1)) + (DEFINED (MemManage_Handler)?MemManage_Handler:0x0 + 0x1)) + (DEFINED (BusFault_Handler)?BusFault_Handler:0x0 + 0x1)) + (DEFINED (UsageFault_Handler)?UsageFault_Handler:0x0 + 0x1))))
                0x0000000000000000                _image_start = LOADADDR (.text)
                0x00000000000044cc                _image_end = (LOADADDR (.data) + SIZEOF (.data))
                0x00000000000044cc                _image_size = (_image_end - _image_start)
OUTPUT(freertos_blinky.axf elf32-littlearm)

.debug_info     0x0000000000000000     0x71ef
 .debug_info    0x0000000000000000      0x2f8 ./freertos/src/FreeRTOSCommonHooks.o
 .debug_info    0x00000000000002f8      0x282 ./freertos/src/heap_3.o
 .debug_info    0x000000000000057a      0x439 ./freertos/src/list.o
 .debug_info    0x00000000000009b3      0x53e ./freertos/src/port.o
 .debug_info    0x0000000000000ef1     0x1436 ./freertos/src/tasks.o
 .debug_info    0x0000000000002327      0x272 ./example/src/cr_startup_lpc175x_6x.o
 .debug_info    0x0000000000002599      0x2fb ./example/src/freertos_blinky.o
 .debug_info    0x0000000000002894      0x250 ./example/src/sysinit.o
 .debug_info    0x0000000000002ae4     0x1662 /home/zain/Documents/MCUXpresso_11.1.1_3241/workspace/lpc_board_nxp_lpcxpresso_1769/Debug/liblpc_board_nxp_lpcxpresso_1769.a(board.o)
 .debug_info    0x0000000000004146      0x71d /home/zain/Documents/MCUXpresso_11.1.1_3241/workspace/lpc_board_nxp_lpcxpresso_1769/Debug/liblpc_board_nxp_lpcxpresso_1769.a(board_sysinit.o)
 .debug_info    0x0000000000004863      0x591 /home/zain/Documents/MCUXpresso_11.1.1_3241/workspace/lpc_chip_175x_6x/Debug/liblpc_chip_175x_6x.a(chip_17xx_40xx.o)
 .debug_info    0x0000000000004df4      0xc2a /home/zain/Documents/MCUXpresso_11.1.1_3241/workspace/lpc_chip_175x_6x/Debug/liblpc_chip_175x_6x.a(clock_17xx_40xx.o)
 .debug_info    0x0000000000005a1e      0x347 /home/zain/Documents/MCUXpresso_11.1.1_3241/workspace/lpc_chip_175x_6x/Debug/liblpc_chip_175x_6x.a(iocon_17xx_40xx.o)
 .debug_info    0x0000000000005d65      0x4b0 /home/zain/Documents/MCUXpresso_11.1.1_3241/workspace/lpc_chip_175x_6x/Debug/liblpc_chip_175x_6x.a(sysinit_17xx_40xx.o)
 .debug_info    0x0000000000006215      0xfda /home/zain/Documents/MCUXpresso_11.1.1_3241/workspace/lpc_chip_175x_6x/Debug/liblpc_chip_175x_6x.a(uart_17xx_40xx.o)

.debug_abbrev   0x0000000000000000     0x1cbf
 .debug_abbrev  0x0000000000000000      0x181 ./freertos/src/FreeRTOSCommonHooks.o
 .debug_abbrev  0x0000000000000181      0x12b ./freertos/src/heap_3.o
 .debug_abbrev  0x00000000000002ac      0x136 ./freertos/src/list.o
 .debug_abbrev  0x00000000000003e2      0x243 ./freertos/src/port.o
 .debug_abbrev  0x0000000000000625      0x291 ./freertos/src/tasks.o
 .debug_abbrev  0x00000000000008b6      0x117 ./example/src/cr_startup_lpc175x_6x.o
 .debug_abbrev  0x00000000000009cd      0x130 ./example/src/freertos_blinky.o
 .debug_abbrev  0x0000000000000afd       0xeb ./example/src/sysinit.o
 .debug_abbrev  0x0000000000000be8      0x413 /home/zain/Documents/MCUXpresso_11.1.1_3241/workspace/lpc_board_nxp_lpcxpresso_1769/Debug/liblpc_board_nxp_lpcxpresso_1769.a(board.o)
 .debug_abbrev  0x0000000000000ffb      0x1a2 /home/zain/Documents/MCUXpresso_11.1.1_3241/workspace/lpc_board_nxp_lpcxpresso_1769/Debug/liblpc_board_nxp_lpcxpresso_1769.a(board_sysinit.o)
 .debug_abbrev  0x000000000000119d      0x16d /home/zain/Documents/MCUXpresso_11.1.1_3241/workspace/lpc_chip_175x_6x/Debug/liblpc_chip_175x_6x.a(chip_17xx_40xx.o)
 .debug_abbrev  0x000000000000130a      0x34d /home/zain/Documents/MCUXpresso_11.1.1_3241/workspace/lpc_chip_175x_6x/Debug/liblpc_chip_175x_6x.a(clock_17xx_40xx.o)
 .debug_abbrev  0x0000000000001657      0x164 /home/zain/Documents/MCUXpresso_11.1.1_3241/workspace/lpc_chip_175x_6x/Debug/liblpc_chip_175x_6x.a(iocon_17xx_40xx.o)
 .debug_abbrev  0x00000000000017bb      0x1b0 /home/zain/Documents/MCUXpresso_11.1.1_3241/workspace/lpc_chip_175x_6x/Debug/liblpc_chip_175x_6x.a(sysinit_17xx_40xx.o)
 .debug_abbrev  0x000000000000196b      0x354 /home/zain/Documents/MCUXpresso_11.1.1_3241/workspace/lpc_chip_175x_6x/Debug/liblpc_chip_175x_6x.a(uart_17xx_40xx.o)

.debug_aranges  0x0000000000000000      0x830
 .debug_aranges
                0x0000000000000000       0x40 ./freertos/src/FreeRTOSCommonHooks.o
 .debug_aranges
                0x0000000000000040       0x28 ./freertos/src/heap_3.o
 .debug_aranges
                0x0000000000000068       0x40 ./freertos/src/list.o
 .debug_aranges
                0x00000000000000a8       0x90 ./freertos/src/port.o
 .debug_aranges
                0x0000000000000138      0x170 ./freertos/src/tasks.o
 .debug_aranges
                0x00000000000002a8       0x80 ./example/src/cr_startup_lpc175x_6x.o
 .debug_aranges
                0x0000000000000328       0x40 ./example/src/freertos_blinky.o
 .debug_aranges
                0x0000000000000368       0x20 ./example/src/sysinit.o
 .debug_aranges
                0x0000000000000388      0x160 /home/zain/Documents/MCUXpresso_11.1.1_3241/workspace/lpc_board_nxp_lpcxpresso_1769/Debug/liblpc_board_nxp_lpcxpresso_1769.a(board.o)
 .debug_aranges
                0x00000000000004e8       0x38 /home/zain/Documents/MCUXpresso_11.1.1_3241/workspace/lpc_board_nxp_lpcxpresso_1769/Debug/liblpc_board_nxp_lpcxpresso_1769.a(board_sysinit.o)
 .debug_aranges
                0x0000000000000520       0x38 /home/zain/Documents/MCUXpresso_11.1.1_3241/workspace/lpc_chip_175x_6x/Debug/liblpc_chip_175x_6x.a(chip_17xx_40xx.o)
 .debug_aranges
                0x0000000000000558      0x120 /home/zain/Documents/MCUXpresso_11.1.1_3241/workspace/lpc_chip_175x_6x/Debug/liblpc_chip_175x_6x.a(clock_17xx_40xx.o)
 .debug_aranges
                0x0000000000000678       0x30 /home/zain/Documents/MCUXpresso_11.1.1_3241/workspace/lpc_chip_175x_6x/Debug/liblpc_chip_175x_6x.a(iocon_17xx_40xx.o)
 .debug_aranges
                0x00000000000006a8       0x60 /home/zain/Documents/MCUXpresso_11.1.1_3241/workspace/lpc_chip_175x_6x/Debug/liblpc_chip_175x_6x.a(sysinit_17xx_40xx.o)
 .debug_aranges
                0x0000000000000708      0x128 /home/zain/Documents/MCUXpresso_11.1.1_3241/workspace/lpc_chip_175x_6x/Debug/liblpc_chip_175x_6x.a(uart_17xx_40xx.o)

.debug_ranges   0x0000000000000000      0x740
 .debug_ranges  0x0000000000000000       0x30 ./freertos/src/FreeRTOSCommonHooks.o
 .debug_ranges  0x0000000000000030       0x18 ./freertos/src/heap_3.o
 .debug_ranges  0x0000000000000048       0x30 ./freertos/src/list.o
 .debug_ranges  0x0000000000000078       0x80 ./freertos/src/port.o
 .debug_ranges  0x00000000000000f8      0x160 ./freertos/src/tasks.o
 .debug_ranges  0x0000000000000258       0x70 ./example/src/cr_startup_lpc175x_6x.o
 .debug_ranges  0x00000000000002c8       0x30 ./example/src/freertos_blinky.o
 .debug_ranges  0x00000000000002f8       0x10 ./example/src/sysinit.o
 .debug_ranges  0x0000000000000308      0x150 /home/zain/Documents/MCUXpresso_11.1.1_3241/workspace/lpc_board_nxp_lpcxpresso_1769/Debug/liblpc_board_nxp_lpcxpresso_1769.a(board.o)
 .debug_ranges  0x0000000000000458       0x28 /home/zain/Documents/MCUXpresso_11.1.1_3241/workspace/lpc_board_nxp_lpcxpresso_1769/Debug/liblpc_board_nxp_lpcxpresso_1769.a(board_sysinit.o)
 .debug_ranges  0x0000000000000480       0x28 /home/zain/Documents/MCUXpresso_11.1.1_3241/workspace/lpc_chip_175x_6x/Debug/liblpc_chip_175x_6x.a(chip_17xx_40xx.o)
 .debug_ranges  0x00000000000004a8      0x110 /home/zain/Documents/MCUXpresso_11.1.1_3241/workspace/lpc_chip_175x_6x/Debug/liblpc_chip_175x_6x.a(clock_17xx_40xx.o)
 .debug_ranges  0x00000000000005b8       0x20 /home/zain/Documents/MCUXpresso_11.1.1_3241/workspace/lpc_chip_175x_6x/Debug/liblpc_chip_175x_6x.a(iocon_17xx_40xx.o)
 .debug_ranges  0x00000000000005d8       0x50 /home/zain/Documents/MCUXpresso_11.1.1_3241/workspace/lpc_chip_175x_6x/Debug/liblpc_chip_175x_6x.a(sysinit_17xx_40xx.o)
 .debug_ranges  0x0000000000000628      0x118 /home/zain/Documents/MCUXpresso_11.1.1_3241/workspace/lpc_chip_175x_6x/Debug/liblpc_chip_175x_6x.a(uart_17xx_40xx.o)

.debug_macro    0x0000000000000000     0x62af
 .debug_macro   0x0000000000000000      0x29c ./freertos/src/FreeRTOSCommonHooks.o
 .debug_macro   0x000000000000029c      0xa9c ./freertos/src/FreeRTOSCommonHooks.o
 .debug_macro   0x0000000000000d38       0x10 ./freertos/src/FreeRTOSCommonHooks.o
 .debug_macro   0x0000000000000d48      0x12e ./freertos/src/FreeRTOSCommonHooks.o
 .debug_macro   0x0000000000000e76       0x16 ./freertos/src/FreeRTOSCommonHooks.o
 .debug_macro   0x0000000000000e8c       0x46 ./freertos/src/FreeRTOSCommonHooks.o
 .debug_macro   0x0000000000000ed2      0x5b3 ./freertos/src/FreeRTOSCommonHooks.o
 .debug_macro   0x0000000000001485       0x22 ./freertos/src/FreeRTOSCommonHooks.o
 .debug_macro   0x00000000000014a7       0x74 ./freertos/src/FreeRTOSCommonHooks.o
 .debug_macro   0x000000000000151b       0x10 ./freertos/src/FreeRTOSCommonHooks.o
 .debug_macro   0x000000000000152b       0x2d ./freertos/src/FreeRTOSCommonHooks.o
 .debug_macro   0x0000000000001558       0x3a ./freertos/src/FreeRTOSCommonHooks.o
 .debug_macro   0x0000000000001592       0x2d ./freertos/src/FreeRTOSCommonHooks.o
 .debug_macro   0x00000000000015bf      0xbb1 ./freertos/src/FreeRTOSCommonHooks.o
 .debug_macro   0x0000000000002170      0x22c ./freertos/src/FreeRTOSCommonHooks.o
 .debug_macro   0x000000000000239c       0x42 ./freertos/src/FreeRTOSCommonHooks.o
 .debug_macro   0x00000000000023de       0x52 ./freertos/src/FreeRTOSCommonHooks.o
 .debug_macro   0x0000000000002430       0x78 ./freertos/src/FreeRTOSCommonHooks.o
 .debug_macro   0x00000000000024a8       0x82 ./freertos/src/FreeRTOSCommonHooks.o
 .debug_macro   0x000000000000252a      0x48c ./freertos/src/FreeRTOSCommonHooks.o
 .debug_macro   0x00000000000029b6       0x34 ./freertos/src/FreeRTOSCommonHooks.o
 .debug_macro   0x00000000000029ea      0x4c5 ./freertos/src/FreeRTOSCommonHooks.o
 .debug_macro   0x0000000000002eaf      0x1b7 ./freertos/src/FreeRTOSCommonHooks.o
 .debug_macro   0x0000000000003066       0x10 ./freertos/src/FreeRTOSCommonHooks.o
 .debug_macro   0x0000000000003076      0x21b ./freertos/src/FreeRTOSCommonHooks.o
 .debug_macro   0x0000000000003291      0x1b9 ./freertos/src/FreeRTOSCommonHooks.o
 .debug_macro   0x000000000000344a       0x40 ./freertos/src/FreeRTOSCommonHooks.o
 .debug_macro   0x000000000000348a       0x22 ./freertos/src/FreeRTOSCommonHooks.o
 .debug_macro   0x00000000000034ac      0x162 ./freertos/src/FreeRTOSCommonHooks.o
 .debug_macro   0x000000000000360e       0x94 ./freertos/src/FreeRTOSCommonHooks.o
 .debug_macro   0x00000000000036a2       0xb8 ./freertos/src/FreeRTOSCommonHooks.o
 .debug_macro   0x000000000000375a       0x4c ./freertos/src/FreeRTOSCommonHooks.o
 .debug_macro   0x00000000000037a6       0x16 ./freertos/src/FreeRTOSCommonHooks.o
 .debug_macro   0x00000000000037bc      0x328 ./freertos/src/FreeRTOSCommonHooks.o
 .debug_macro   0x0000000000003ae4       0x49 ./freertos/src/FreeRTOSCommonHooks.o
 .debug_macro   0x0000000000003b2d       0x16 ./freertos/src/FreeRTOSCommonHooks.o
 .debug_macro   0x0000000000003b43       0xca ./freertos/src/FreeRTOSCommonHooks.o
 .debug_macro   0x0000000000003c0d       0x11 ./freertos/src/FreeRTOSCommonHooks.o
 .debug_macro   0x0000000000003c1e       0x70 ./freertos/src/FreeRTOSCommonHooks.o
 .debug_macro   0x0000000000003c8e       0x9a ./freertos/src/FreeRTOSCommonHooks.o
 .debug_macro   0x0000000000003d28       0x20 ./freertos/src/FreeRTOSCommonHooks.o
 .debug_macro   0x0000000000003d48       0x28 ./freertos/src/FreeRTOSCommonHooks.o
 .debug_macro   0x0000000000003d70       0xee ./freertos/src/FreeRTOSCommonHooks.o
 .debug_macro   0x0000000000003e5e       0xab ./freertos/src/FreeRTOSCommonHooks.o
 .debug_macro   0x0000000000003f09       0x12 ./freertos/src/FreeRTOSCommonHooks.o
 .debug_macro   0x0000000000003f1b       0x1f ./freertos/src/FreeRTOSCommonHooks.o
 .debug_macro   0x0000000000003f3a      0x257 ./freertos/src/FreeRTOSCommonHooks.o
 .debug_macro   0x0000000000004191       0x64 ./freertos/src/FreeRTOSCommonHooks.o
 .debug_macro   0x00000000000041f5       0x57 ./freertos/src/FreeRTOSCommonHooks.o
 .debug_macro   0x000000000000424c      0x2b2 ./freertos/src/heap_3.o
 .debug_macro   0x00000000000044fe       0x28 ./freertos/src/heap_3.o
 .debug_macro   0x0000000000004526      0x297 ./freertos/src/list.o
 .debug_macro   0x00000000000047bd      0x329 ./freertos/src/port.o
 .debug_macro   0x0000000000004ae6      0x336 ./freertos/src/tasks.o
 .debug_macro   0x0000000000004e1c       0x5b ./freertos/src/tasks.o
 .debug_macro   0x0000000000004e77       0x16 ./freertos/src/tasks.o
 .debug_macro   0x0000000000004e8d       0x1d ./example/src/cr_startup_lpc175x_6x.o
 .debug_macro   0x0000000000004eaa      0x28c ./example/src/freertos_blinky.o
 .debug_macro   0x0000000000005136       0x7b ./example/src/freertos_blinky.o
 .debug_macro   0x00000000000051b1       0x18 ./example/src/freertos_blinky.o
 .debug_macro   0x00000000000051c9       0x10 ./example/src/freertos_blinky.o
 .debug_macro   0x00000000000051d9       0xf4 ./example/src/freertos_blinky.o
 .debug_macro   0x00000000000052cd      0x217 ./example/src/sysinit.o
 .debug_macro   0x00000000000054e4      0x2a1 /home/zain/Documents/MCUXpresso_11.1.1_3241/workspace/lpc_board_nxp_lpcxpresso_1769/Debug/liblpc_board_nxp_lpcxpresso_1769.a(board.o)
 .debug_macro   0x0000000000005785       0x12 /home/zain/Documents/MCUXpresso_11.1.1_3241/workspace/lpc_board_nxp_lpcxpresso_1769/Debug/liblpc_board_nxp_lpcxpresso_1769.a(board.o)
 .debug_macro   0x0000000000005797      0x217 /home/zain/Documents/MCUXpresso_11.1.1_3241/workspace/lpc_board_nxp_lpcxpresso_1769/Debug/liblpc_board_nxp_lpcxpresso_1769.a(board_sysinit.o)
 .debug_macro   0x00000000000059ae      0x1cd /home/zain/Documents/MCUXpresso_11.1.1_3241/workspace/lpc_chip_175x_6x/Debug/liblpc_chip_175x_6x.a(chip_17xx_40xx.o)
 .debug_macro   0x0000000000005b7b      0x1cd /home/zain/Documents/MCUXpresso_11.1.1_3241/workspace/lpc_chip_175x_6x/Debug/liblpc_chip_175x_6x.a(clock_17xx_40xx.o)
 .debug_macro   0x0000000000005d48      0x1cd /home/zain/Documents/MCUXpresso_11.1.1_3241/workspace/lpc_chip_175x_6x/Debug/liblpc_chip_175x_6x.a(iocon_17xx_40xx.o)
 .debug_macro   0x0000000000005f15      0x1cd /home/zain/Documents/MCUXpresso_11.1.1_3241/workspace/lpc_chip_175x_6x/Debug/liblpc_chip_175x_6x.a(sysinit_17xx_40xx.o)
 .debug_macro   0x00000000000060e2      0x1cd /home/zain/Documents/MCUXpresso_11.1.1_3241/workspace/lpc_chip_175x_6x/Debug/liblpc_chip_175x_6x.a(uart_17xx_40xx.o)

.debug_line     0x0000000000000000     0x729c
 .debug_line    0x0000000000000000      0x6ce ./freertos/src/FreeRTOSCommonHooks.o
 .debug_line    0x00000000000006ce      0x670 ./freertos/src/heap_3.o
 .debug_line    0x0000000000000d3e      0x739 ./freertos/src/list.o
 .debug_line    0x0000000000001477      0x901 ./freertos/src/port.o
 .debug_line    0x0000000000001d78     0x131c ./freertos/src/tasks.o
 .debug_line    0x0000000000003094      0x168 ./example/src/cr_startup_lpc175x_6x.o
 .debug_line    0x00000000000031fc      0x6ec ./example/src/freertos_blinky.o
 .debug_line    0x00000000000038e8      0x520 ./example/src/sysinit.o
 .debug_line    0x0000000000003e08      0xadc /home/zain/Documents/MCUXpresso_11.1.1_3241/workspace/lpc_board_nxp_lpcxpresso_1769/Debug/liblpc_board_nxp_lpcxpresso_1769.a(board.o)
 .debug_line    0x00000000000048e4      0x571 /home/zain/Documents/MCUXpresso_11.1.1_3241/workspace/lpc_board_nxp_lpcxpresso_1769/Debug/liblpc_board_nxp_lpcxpresso_1769.a(board_sysinit.o)
 .debug_line    0x0000000000004e55      0x522 /home/zain/Documents/MCUXpresso_11.1.1_3241/workspace/lpc_chip_175x_6x/Debug/liblpc_chip_175x_6x.a(chip_17xx_40xx.o)
 .debug_line    0x0000000000005377      0x989 /home/zain/Documents/MCUXpresso_11.1.1_3241/workspace/lpc_chip_175x_6x/Debug/liblpc_chip_175x_6x.a(clock_17xx_40xx.o)
 .debug_line    0x0000000000005d00      0x53e /home/zain/Documents/MCUXpresso_11.1.1_3241/workspace/lpc_chip_175x_6x/Debug/liblpc_chip_175x_6x.a(iocon_17xx_40xx.o)
 .debug_line    0x000000000000623e      0x5fb /home/zain/Documents/MCUXpresso_11.1.1_3241/workspace/lpc_chip_175x_6x/Debug/liblpc_chip_175x_6x.a(sysinit_17xx_40xx.o)
 .debug_line    0x0000000000006839      0xa63 /home/zain/Documents/MCUXpresso_11.1.1_3241/workspace/lpc_chip_175x_6x/Debug/liblpc_chip_175x_6x.a(uart_17xx_40xx.o)

.debug_str      0x0000000000000000    0x174e0
 .debug_str     0x0000000000000000    0x13454 ./freertos/src/FreeRTOSCommonHooks.o
                                      0x1353c (size before relaxing)
 .debug_str     0x0000000000013454      0x103 ./freertos/src/heap_3.o
                                      0x13550 (size before relaxing)
 .debug_str     0x0000000000013557      0x12e ./freertos/src/list.o
                                      0x13295 (size before relaxing)
 .debug_str     0x0000000000013685      0x8f6 ./freertos/src/port.o
                                      0x13d8c (size before relaxing)
 .debug_str     0x0000000000013f7b     0x153a ./freertos/src/tasks.o
                                      0x14d57 (size before relaxing)
 .debug_str     0x00000000000154b5      0x1b3 ./example/src/cr_startup_lpc175x_6x.o
                                       0x2fa4 (size before relaxing)
 .debug_str     0x0000000000015668       0x9c ./example/src/freertos_blinky.o
                                      0x134fe (size before relaxing)
 .debug_str     0x0000000000015704       0x23 ./example/src/sysinit.o
                                      0x11386 (size before relaxing)
 .debug_str     0x0000000000015727      0xd78 /home/zain/Documents/MCUXpresso_11.1.1_3241/workspace/lpc_board_nxp_lpcxpresso_1769/Debug/liblpc_board_nxp_lpcxpresso_1769.a(board.o)
                                      0x122ae (size before relaxing)
 .debug_str     0x000000000001649f      0x22d /home/zain/Documents/MCUXpresso_11.1.1_3241/workspace/lpc_board_nxp_lpcxpresso_1769/Debug/liblpc_board_nxp_lpcxpresso_1769.a(board_sysinit.o)
                                      0x11794 (size before relaxing)
 .debug_str     0x00000000000166cc       0xc0 /home/zain/Documents/MCUXpresso_11.1.1_3241/workspace/lpc_chip_175x_6x/Debug/liblpc_chip_175x_6x.a(chip_17xx_40xx.o)
                                      0x113e4 (size before relaxing)
 .debug_str     0x000000000001678c      0x857 /home/zain/Documents/MCUXpresso_11.1.1_3241/workspace/lpc_chip_175x_6x/Debug/liblpc_chip_175x_6x.a(clock_17xx_40xx.o)
                                      0x11a62 (size before relaxing)
 .debug_str     0x0000000000016fe3       0x79 /home/zain/Documents/MCUXpresso_11.1.1_3241/workspace/lpc_chip_175x_6x/Debug/liblpc_chip_175x_6x.a(iocon_17xx_40xx.o)
                                      0x10edf (size before relaxing)
 .debug_str     0x000000000001705c       0xc4 /home/zain/Documents/MCUXpresso_11.1.1_3241/workspace/lpc_chip_175x_6x/Debug/liblpc_chip_175x_6x.a(sysinit_17xx_40xx.o)
                                      0x110c7 (size before relaxing)
 .debug_str     0x0000000000017120      0x3c0 /home/zain/Documents/MCUXpresso_11.1.1_3241/workspace/lpc_chip_175x_6x/Debug/liblpc_chip_175x_6x.a(uart_17xx_40xx.o)
                                      0x11937 (size before relaxing)

.comment        0x0000000000000000       0x76
 .comment       0x0000000000000000       0x76 ./freertos/src/FreeRTOSCommonHooks.o
                                         0x77 (size before relaxing)
 .comment       0x0000000000000076       0x77 ./freertos/src/heap_3.o
 .comment       0x0000000000000076       0x77 ./freertos/src/list.o
 .comment       0x0000000000000076       0x77 ./freertos/src/port.o
 .comment       0x0000000000000076       0x77 ./freertos/src/tasks.o
 .comment       0x0000000000000076       0x77 ./example/src/cr_startup_lpc175x_6x.o
 .comment       0x0000000000000076       0x77 ./example/src/freertos_blinky.o
 .comment       0x0000000000000076       0x77 ./example/src/sysinit.o
 .comment       0x0000000000000076       0x77 /home/zain/Documents/MCUXpresso_11.1.1_3241/workspace/lpc_board_nxp_lpcxpresso_1769/Debug/liblpc_board_nxp_lpcxpresso_1769.a(board.o)
 .comment       0x0000000000000076       0x77 /home/zain/Documents/MCUXpresso_11.1.1_3241/workspace/lpc_board_nxp_lpcxpresso_1769/Debug/liblpc_board_nxp_lpcxpresso_1769.a(board_sysinit.o)
 .comment       0x0000000000000076       0x77 /home/zain/Documents/MCUXpresso_11.1.1_3241/workspace/lpc_chip_175x_6x/Debug/liblpc_chip_175x_6x.a(chip_17xx_40xx.o)
 .comment       0x0000000000000076       0x77 /home/zain/Documents/MCUXpresso_11.1.1_3241/workspace/lpc_chip_175x_6x/Debug/liblpc_chip_175x_6x.a(clock_17xx_40xx.o)
 .comment       0x0000000000000076       0x77 /home/zain/Documents/MCUXpresso_11.1.1_3241/workspace/lpc_chip_175x_6x/Debug/liblpc_chip_175x_6x.a(iocon_17xx_40xx.o)
 .comment       0x0000000000000076       0x77 /home/zain/Documents/MCUXpresso_11.1.1_3241/workspace/lpc_chip_175x_6x/Debug/liblpc_chip_175x_6x.a(sysinit_17xx_40xx.o)
 .comment       0x0000000000000076       0x77 /home/zain/Documents/MCUXpresso_11.1.1_3241/workspace/lpc_chip_175x_6x/Debug/liblpc_chip_175x_6x.a(uart_17xx_40xx.o)
 .comment       0x0000000000000076       0x77 /usr/local/mcuxpressoide-11.1.1_3241/ide/plugins/com.nxp.mcuxpresso.tools.linux_11.1.0.202001081728/tools/bin/../lib/gcc/arm-none-eabi/8.3.1/../../../../arm-none-eabi/lib/thumb/v7-m/nofp/libcr_nohost.a(_cr__main.o)
 .comment       0x0000000000000076       0x77 /usr/local/mcuxpressoide-11.1.1_3241/ide/plugins/com.nxp.mcuxpresso.tools.linux_11.1.0.202001081728/tools/bin/../lib/gcc/arm-none-eabi/8.3.1/../../../../arm-none-eabi/lib/thumb/v7-m/nofp/libcr_c.a(memset.o)
 .comment       0x0000000000000076       0x77 /usr/local/mcuxpressoide-11.1.1_3241/ide/plugins/com.nxp.mcuxpresso.tools.linux_11.1.0.202001081728/tools/bin/../lib/gcc/arm-none-eabi/8.3.1/../../../../arm-none-eabi/lib/thumb/v7-m/nofp/libcr_c.a(alloc.o)
 .comment       0x0000000000000076       0x77 /usr/local/mcuxpressoide-11.1.1_3241/ide/plugins/com.nxp.mcuxpresso.tools.linux_11.1.0.202001081728/tools/bin/../lib/gcc/arm-none-eabi/8.3.1/../../../../arm-none-eabi/lib/thumb/v7-m/nofp/libcr_c.a(fpprintf.o)
 .comment       0x0000000000000076       0x77 /usr/local/mcuxpressoide-11.1.1_3241/ide/plugins/com.nxp.mcuxpresso.tools.linux_11.1.0.202001081728/tools/bin/../lib/gcc/arm-none-eabi/8.3.1/../../../../arm-none-eabi/lib/thumb/v7-m/nofp/libcr_c.a(initio.o)
 .comment       0x0000000000000076       0x77 /usr/local/mcuxpressoide-11.1.1_3241/ide/plugins/com.nxp.mcuxpresso.tools.linux_11.1.0.202001081728/tools/bin/../lib/gcc/arm-none-eabi/8.3.1/../../../../arm-none-eabi/lib/thumb/v7-m/nofp/libcr_c.a(printf.o)
 .comment       0x0000000000000076       0x77 /usr/local/mcuxpressoide-11.1.1_3241/ide/plugins/com.nxp.mcuxpresso.tools.linux_11.1.0.202001081728/tools/bin/../lib/gcc/arm-none-eabi/8.3.1/../../../../arm-none-eabi/lib/thumb/v7-m/nofp/libcr_c.a(setvbuf.o)
 .comment       0x0000000000000076       0x77 /usr/local/mcuxpressoide-11.1.1_3241/ide/plugins/com.nxp.mcuxpresso.tools.linux_11.1.0.202001081728/tools/bin/../lib/gcc/arm-none-eabi/8.3.1/../../../../arm-none-eabi/lib/thumb/v7-m/nofp/libcr_c.a(strlen.o)
 .comment       0x0000000000000076       0x77 /usr/local/mcuxpressoide-11.1.1_3241/ide/plugins/com.nxp.mcuxpresso.tools.linux_11.1.0.202001081728/tools/bin/../lib/gcc/arm-none-eabi/8.3.1/../../../../arm-none-eabi/lib/thumb/v7-m/nofp/libcr_c.a(__init_alloc.o)
 .comment       0x0000000000000076       0x77 /usr/local/mcuxpressoide-11.1.1_3241/ide/plugins/com.nxp.mcuxpresso.tools.linux_11.1.0.202001081728/tools/bin/../lib/gcc/arm-none-eabi/8.3.1/../../../../arm-none-eabi/lib/thumb/v7-m/nofp/libcr_c.a(_cr_sbrk.o)
 .comment       0x0000000000000076       0x77 /usr/local/mcuxpressoide-11.1.1_3241/ide/plugins/com.nxp.mcuxpresso.tools.linux_11.1.0.202001081728/tools/bin/../lib/gcc/arm-none-eabi/8.3.1/../../../../arm-none-eabi/lib/thumb/v7-m/nofp/libcr_c.a(_deferredlazyseek.o)
 .comment       0x0000000000000076       0x77 /usr/local/mcuxpressoide-11.1.1_3241/ide/plugins/com.nxp.mcuxpresso.tools.linux_11.1.0.202001081728/tools/bin/../lib/gcc/arm-none-eabi/8.3.1/../../../../arm-none-eabi/lib/thumb/v7-m/nofp/libcr_c.a(_fdopen.o)
 .comment       0x0000000000000076       0x77 /usr/local/mcuxpressoide-11.1.1_3241/ide/plugins/com.nxp.mcuxpresso.tools.linux_11.1.0.202001081728/tools/bin/../lib/gcc/arm-none-eabi/8.3.1/../../../../arm-none-eabi/lib/thumb/v7-m/nofp/libcr_c.a(_fflush.o)
 .comment       0x0000000000000076       0x77 /usr/local/mcuxpressoide-11.1.1_3241/ide/plugins/com.nxp.mcuxpresso.tools.linux_11.1.0.202001081728/tools/bin/../lib/gcc/arm-none-eabi/8.3.1/../../../../arm-none-eabi/lib/thumb/v7-m/nofp/libcr_c.a(_frexpl.o)
 .comment       0x0000000000000076       0x77 /usr/local/mcuxpressoide-11.1.1_3241/ide/plugins/com.nxp.mcuxpresso.tools.linux_11.1.0.202001081728/tools/bin/../lib/gcc/arm-none-eabi/8.3.1/../../../../arm-none-eabi/lib/thumb/v7-m/nofp/libcr_c.a(_ldexpl.o)
 .comment       0x0000000000000076       0x77 /usr/local/mcuxpressoide-11.1.1_3241/ide/plugins/com.nxp.mcuxpresso.tools.linux_11.1.0.202001081728/tools/bin/../lib/gcc/arm-none-eabi/8.3.1/../../../../arm-none-eabi/lib/thumb/v7-m/nofp/libcr_c.a(_writebuf.o)
 .comment       0x0000000000000076       0x77 /usr/local/mcuxpressoide-11.1.1_3241/ide/plugins/com.nxp.mcuxpresso.tools.linux_11.1.0.202001081728/tools/bin/../lib/gcc/arm-none-eabi/8.3.1/../../../../arm-none-eabi/lib/thumb/v7-m/nofp/libcr_c.a(errno.o)
 .comment       0x0000000000000076       0x77 /usr/local/mcuxpressoide-11.1.1_3241/ide/plugins/com.nxp.mcuxpresso.tools.linux_11.1.0.202001081728/tools/bin/../lib/gcc/arm-none-eabi/8.3.1/../../../../arm-none-eabi/lib/thumb/v7-m/nofp/libcr_c.a(fclose.o)
 .comment       0x0000000000000076       0x77 /usr/local/mcuxpressoide-11.1.1_3241/ide/plugins/com.nxp.mcuxpresso.tools.linux_11.1.0.202001081728/tools/bin/../lib/gcc/arm-none-eabi/8.3.1/../../../../arm-none-eabi/lib/thumb/v7-m/nofp/libcr_c.a(fflush.o)
 .comment       0x0000000000000076       0x77 /usr/local/mcuxpressoide-11.1.1_3241/ide/plugins/com.nxp.mcuxpresso.tools.linux_11.1.0.202001081728/tools/bin/../lib/gcc/arm-none-eabi/8.3.1/../../../../arm-none-eabi/lib/thumb/v7-m/nofp/libcr_c.a(fseek.o)
 .comment       0x0000000000000076       0x77 /usr/local/mcuxpressoide-11.1.1_3241/ide/plugins/com.nxp.mcuxpresso.tools.linux_11.1.0.202001081728/tools/bin/../lib/gcc/arm-none-eabi/8.3.1/../../../../arm-none-eabi/lib/thumb/v7-m/nofp/libcr_c.a(ftell.o)
 .comment       0x0000000000000076       0x77 /usr/local/mcuxpressoide-11.1.1_3241/ide/plugins/com.nxp.mcuxpresso.tools.linux_11.1.0.202001081728/tools/bin/../lib/gcc/arm-none-eabi/8.3.1/../../../../arm-none-eabi/lib/thumb/v7-m/nofp/libcr_c.a(remove.o)
 .comment       0x0000000000000076       0x77 /usr/local/mcuxpressoide-11.1.1_3241/ide/plugins/com.nxp.mcuxpresso.tools.linux_11.1.0.202001081728/tools/bin/../lib/gcc/arm-none-eabi/8.3.1/../../../../arm-none-eabi/lib/thumb/v7-m/nofp/libcr_c.a(_cr_check_heap.o)
 .comment       0x0000000000000076       0x77 /usr/local/mcuxpressoide-11.1.1_3241/ide/plugins/com.nxp.mcuxpresso.tools.linux_11.1.0.202001081728/tools/bin/../lib/gcc/arm-none-eabi/8.3.1/../../../../arm-none-eabi/lib/thumb/v7-m/nofp/libcr_c.a(_do_fflush.o)
 .comment       0x0000000000000076       0x77 /usr/local/mcuxpressoide-11.1.1_3241/ide/plugins/com.nxp.mcuxpresso.tools.linux_11.1.0.202001081728/tools/bin/../lib/gcc/arm-none-eabi/8.3.1/thumb/v7-m/nofp/libcr_eabihelpers.a(double.o)
 .comment       0x0000000000000076       0x77 /usr/local/mcuxpressoide-11.1.1_3241/ide/plugins/com.nxp.mcuxpresso.tools.linux_11.1.0.202001081728/tools/bin/../lib/gcc/arm-none-eabi/8.3.1/../../../../arm-none-eabi/lib/thumb/v7-m/nofp/libcr_nohost.a(__ciob.o)
 .comment       0x0000000000000076       0x77 /usr/local/mcuxpressoide-11.1.1_3241/ide/plugins/com.nxp.mcuxpresso.tools.linux_11.1.0.202001081728/tools/bin/../lib/gcc/arm-none-eabi/8.3.1/../../../../arm-none-eabi/lib/thumb/v7-m/nofp/libcr_nohost.a(__sys_appexit.o)
 .comment       0x0000000000000076       0x77 /usr/local/mcuxpressoide-11.1.1_3241/ide/plugins/com.nxp.mcuxpresso.tools.linux_11.1.0.202001081728/tools/bin/../lib/gcc/arm-none-eabi/8.3.1/../../../../arm-none-eabi/lib/thumb/v7-m/nofp/libcr_nohost.a(__sys_close.o)
 .comment       0x0000000000000076       0x77 /usr/local/mcuxpressoide-11.1.1_3241/ide/plugins/com.nxp.mcuxpresso.tools.linux_11.1.0.202001081728/tools/bin/../lib/gcc/arm-none-eabi/8.3.1/../../../../arm-none-eabi/lib/thumb/v7-m/nofp/libcr_nohost.a(__sys_flen.o)
 .comment       0x0000000000000076       0x77 /usr/local/mcuxpressoide-11.1.1_3241/ide/plugins/com.nxp.mcuxpresso.tools.linux_11.1.0.202001081728/tools/bin/../lib/gcc/arm-none-eabi/8.3.1/../../../../arm-none-eabi/lib/thumb/v7-m/nofp/libcr_nohost.a(__sys_istty.o)
 .comment       0x0000000000000076       0x77 /usr/local/mcuxpressoide-11.1.1_3241/ide/plugins/com.nxp.mcuxpresso.tools.linux_11.1.0.202001081728/tools/bin/../lib/gcc/arm-none-eabi/8.3.1/../../../../arm-none-eabi/lib/thumb/v7-m/nofp/libcr_nohost.a(__sys_remove.o)
 .comment       0x0000000000000076       0x77 /usr/local/mcuxpressoide-11.1.1_3241/ide/plugins/com.nxp.mcuxpresso.tools.linux_11.1.0.202001081728/tools/bin/../lib/gcc/arm-none-eabi/8.3.1/../../../../arm-none-eabi/lib/thumb/v7-m/nofp/libcr_nohost.a(__sys_seek.o)
 .comment       0x0000000000000076       0x77 /usr/local/mcuxpressoide-11.1.1_3241/ide/plugins/com.nxp.mcuxpresso.tools.linux_11.1.0.202001081728/tools/bin/../lib/gcc/arm-none-eabi/8.3.1/../../../../arm-none-eabi/lib/thumb/v7-m/nofp/libcr_nohost.a(__sys_tmpnam.o)

.ARM.attributes
                0x0000000000000000       0x2b
 .ARM.attributes
                0x0000000000000000       0x2d ./freertos/src/FreeRTOSCommonHooks.o
 .ARM.attributes
                0x000000000000002d       0x2d ./freertos/src/heap_3.o
 .ARM.attributes
                0x000000000000005a       0x2d ./freertos/src/list.o
 .ARM.attributes
                0x0000000000000087       0x2d ./freertos/src/port.o
 .ARM.attributes
                0x00000000000000b4       0x2d ./freertos/src/tasks.o
 .ARM.attributes
                0x00000000000000e1       0x2d ./example/src/cr_startup_lpc175x_6x.o
 .ARM.attributes
                0x000000000000010e       0x2d ./example/src/freertos_blinky.o
 .ARM.attributes
                0x000000000000013b       0x2d ./example/src/sysinit.o
 .ARM.attributes
                0x0000000000000168       0x2d /home/zain/Documents/MCUXpresso_11.1.1_3241/workspace/lpc_board_nxp_lpcxpresso_1769/Debug/liblpc_board_nxp_lpcxpresso_1769.a(board.o)
 .ARM.attributes
                0x0000000000000195       0x2d /home/zain/Documents/MCUXpresso_11.1.1_3241/workspace/lpc_board_nxp_lpcxpresso_1769/Debug/liblpc_board_nxp_lpcxpresso_1769.a(board_sysinit.o)
 .ARM.attributes
                0x00000000000001c2       0x2d /home/zain/Documents/MCUXpresso_11.1.1_3241/workspace/lpc_chip_175x_6x/Debug/liblpc_chip_175x_6x.a(chip_17xx_40xx.o)
 .ARM.attributes
                0x00000000000001ef       0x2d /home/zain/Documents/MCUXpresso_11.1.1_3241/workspace/lpc_chip_175x_6x/Debug/liblpc_chip_175x_6x.a(clock_17xx_40xx.o)
 .ARM.attributes
                0x000000000000021c       0x2d /home/zain/Documents/MCUXpresso_11.1.1_3241/workspace/lpc_chip_175x_6x/Debug/liblpc_chip_175x_6x.a(iocon_17xx_40xx.o)
 .ARM.attributes
                0x0000000000000249       0x2d /home/zain/Documents/MCUXpresso_11.1.1_3241/workspace/lpc_chip_175x_6x/Debug/liblpc_chip_175x_6x.a(sysinit_17xx_40xx.o)
 .ARM.attributes
                0x0000000000000276       0x2d /home/zain/Documents/MCUXpresso_11.1.1_3241/workspace/lpc_chip_175x_6x/Debug/liblpc_chip_175x_6x.a(uart_17xx_40xx.o)
 .ARM.attributes
                0x00000000000002a3       0x2d /usr/local/mcuxpressoide-11.1.1_3241/ide/plugins/com.nxp.mcuxpresso.tools.linux_11.1.0.202001081728/tools/bin/../lib/gcc/arm-none-eabi/8.3.1/../../../../arm-none-eabi/lib/thumb/v7-m/nofp/libcr_nohost.a(_cr__main.o)
 .ARM.attributes
                0x00000000000002d0       0x2d /usr/local/mcuxpressoide-11.1.1_3241/ide/plugins/com.nxp.mcuxpresso.tools.linux_11.1.0.202001081728/tools/bin/../lib/gcc/arm-none-eabi/8.3.1/../../../../arm-none-eabi/lib/thumb/v7-m/nofp/libcr_c.a(memset.o)
 .ARM.attributes
                0x00000000000002fd       0x2d /usr/local/mcuxpressoide-11.1.1_3241/ide/plugins/com.nxp.mcuxpresso.tools.linux_11.1.0.202001081728/tools/bin/../lib/gcc/arm-none-eabi/8.3.1/../../../../arm-none-eabi/lib/thumb/v7-m/nofp/libcr_c.a(alloc.o)
 .ARM.attributes
                0x000000000000032a       0x2d /usr/local/mcuxpressoide-11.1.1_3241/ide/plugins/com.nxp.mcuxpresso.tools.linux_11.1.0.202001081728/tools/bin/../lib/gcc/arm-none-eabi/8.3.1/../../../../arm-none-eabi/lib/thumb/v7-m/nofp/libcr_c.a(fpprintf.o)
 .ARM.attributes
                0x0000000000000357       0x2d /usr/local/mcuxpressoide-11.1.1_3241/ide/plugins/com.nxp.mcuxpresso.tools.linux_11.1.0.202001081728/tools/bin/../lib/gcc/arm-none-eabi/8.3.1/../../../../arm-none-eabi/lib/thumb/v7-m/nofp/libcr_c.a(initio.o)
 .ARM.attributes
                0x0000000000000384       0x2d /usr/local/mcuxpressoide-11.1.1_3241/ide/plugins/com.nxp.mcuxpresso.tools.linux_11.1.0.202001081728/tools/bin/../lib/gcc/arm-none-eabi/8.3.1/../../../../arm-none-eabi/lib/thumb/v7-m/nofp/libcr_c.a(printf.o)
 .ARM.attributes
                0x00000000000003b1       0x2d /usr/local/mcuxpressoide-11.1.1_3241/ide/plugins/com.nxp.mcuxpresso.tools.linux_11.1.0.202001081728/tools/bin/../lib/gcc/arm-none-eabi/8.3.1/../../../../arm-none-eabi/lib/thumb/v7-m/nofp/libcr_c.a(setvbuf.o)
 .ARM.attributes
                0x00000000000003de       0x2d /usr/local/mcuxpressoide-11.1.1_3241/ide/plugins/com.nxp.mcuxpresso.tools.linux_11.1.0.202001081728/tools/bin/../lib/gcc/arm-none-eabi/8.3.1/../../../../arm-none-eabi/lib/thumb/v7-m/nofp/libcr_c.a(strlen.o)
 .ARM.attributes
                0x000000000000040b       0x2d /usr/local/mcuxpressoide-11.1.1_3241/ide/plugins/com.nxp.mcuxpresso.tools.linux_11.1.0.202001081728/tools/bin/../lib/gcc/arm-none-eabi/8.3.1/../../../../arm-none-eabi/lib/thumb/v7-m/nofp/libcr_c.a(__init_alloc.o)
 .ARM.attributes
                0x0000000000000438       0x2d /usr/local/mcuxpressoide-11.1.1_3241/ide/plugins/com.nxp.mcuxpresso.tools.linux_11.1.0.202001081728/tools/bin/../lib/gcc/arm-none-eabi/8.3.1/../../../../arm-none-eabi/lib/thumb/v7-m/nofp/libcr_c.a(_cr_sbrk.o)
 .ARM.attributes
                0x0000000000000465       0x2d /usr/local/mcuxpressoide-11.1.1_3241/ide/plugins/com.nxp.mcuxpresso.tools.linux_11.1.0.202001081728/tools/bin/../lib/gcc/arm-none-eabi/8.3.1/../../../../arm-none-eabi/lib/thumb/v7-m/nofp/libcr_c.a(_deferredlazyseek.o)
 .ARM.attributes
                0x0000000000000492       0x2d /usr/local/mcuxpressoide-11.1.1_3241/ide/plugins/com.nxp.mcuxpresso.tools.linux_11.1.0.202001081728/tools/bin/../lib/gcc/arm-none-eabi/8.3.1/../../../../arm-none-eabi/lib/thumb/v7-m/nofp/libcr_c.a(_fdopen.o)
 .ARM.attributes
                0x00000000000004bf       0x2d /usr/local/mcuxpressoide-11.1.1_3241/ide/plugins/com.nxp.mcuxpresso.tools.linux_11.1.0.202001081728/tools/bin/../lib/gcc/arm-none-eabi/8.3.1/../../../../arm-none-eabi/lib/thumb/v7-m/nofp/libcr_c.a(_fflush.o)
 .ARM.attributes
                0x00000000000004ec       0x2d /usr/local/mcuxpressoide-11.1.1_3241/ide/plugins/com.nxp.mcuxpresso.tools.linux_11.1.0.202001081728/tools/bin/../lib/gcc/arm-none-eabi/8.3.1/../../../../arm-none-eabi/lib/thumb/v7-m/nofp/libcr_c.a(_frexpl.o)
 .ARM.attributes
                0x0000000000000519       0x2d /usr/local/mcuxpressoide-11.1.1_3241/ide/plugins/com.nxp.mcuxpresso.tools.linux_11.1.0.202001081728/tools/bin/../lib/gcc/arm-none-eabi/8.3.1/../../../../arm-none-eabi/lib/thumb/v7-m/nofp/libcr_c.a(_ldexpl.o)
 .ARM.attributes
                0x0000000000000546       0x2d /usr/local/mcuxpressoide-11.1.1_3241/ide/plugins/com.nxp.mcuxpresso.tools.linux_11.1.0.202001081728/tools/bin/../lib/gcc/arm-none-eabi/8.3.1/../../../../arm-none-eabi/lib/thumb/v7-m/nofp/libcr_c.a(_writebuf.o)
 .ARM.attributes
                0x0000000000000573       0x33 /usr/local/mcuxpressoide-11.1.1_3241/ide/plugins/com.nxp.mcuxpresso.tools.linux_11.1.0.202001081728/tools/bin/../lib/gcc/arm-none-eabi/8.3.1/../../../../arm-none-eabi/lib/thumb/v7-m/nofp/libcr_c.a(errno.o)
 .ARM.attributes
                0x00000000000005a6       0x2d /usr/local/mcuxpressoide-11.1.1_3241/ide/plugins/com.nxp.mcuxpresso.tools.linux_11.1.0.202001081728/tools/bin/../lib/gcc/arm-none-eabi/8.3.1/../../../../arm-none-eabi/lib/thumb/v7-m/nofp/libcr_c.a(fclose.o)
 .ARM.attributes
                0x00000000000005d3       0x2d /usr/local/mcuxpressoide-11.1.1_3241/ide/plugins/com.nxp.mcuxpresso.tools.linux_11.1.0.202001081728/tools/bin/../lib/gcc/arm-none-eabi/8.3.1/../../../../arm-none-eabi/lib/thumb/v7-m/nofp/libcr_c.a(fflush.o)
 .ARM.attributes
                0x0000000000000600       0x2d /usr/local/mcuxpressoide-11.1.1_3241/ide/plugins/com.nxp.mcuxpresso.tools.linux_11.1.0.202001081728/tools/bin/../lib/gcc/arm-none-eabi/8.3.1/../../../../arm-none-eabi/lib/thumb/v7-m/nofp/libcr_c.a(fseek.o)
 .ARM.attributes
                0x000000000000062d       0x2d /usr/local/mcuxpressoide-11.1.1_3241/ide/plugins/com.nxp.mcuxpresso.tools.linux_11.1.0.202001081728/tools/bin/../lib/gcc/arm-none-eabi/8.3.1/../../../../arm-none-eabi/lib/thumb/v7-m/nofp/libcr_c.a(ftell.o)
 .ARM.attributes